Component: ARM Compiler 5.06 update 6 (build 750) Tool: armlink [4d35ed]

==============================================================================

Section Cross References

    main.o(i.glcd_clear_all) refers to main.o(i.glcd_clrearline) for glcd_clrearline
    main.o(i.glcd_clear_all) refers to main.o(i.send_command) for send_command
    main.o(i.glcd_clear_here) refers to main.o(i.Delay) for Delay
    main.o(i.glcd_clear_here) refers to main.o(i.glcd_gotoxy) for glcd_gotoxy
    main.o(i.glcd_clear_here) refers to main.o(i.glcd_putImage) for glcd_putImage
    main.o(i.glcd_clrearline) refers to main.o(i.Delay) for Delay
    main.o(i.glcd_clrearline) refers to main.o(i.glcd_gotoxy) for glcd_gotoxy
    main.o(i.glcd_clrearline) refers to main.o(i.glcd_putchar) for glcd_putchar
    main.o(i.glcd_disp_Image) refers to main.o(i.Delay) for Delay
    main.o(i.glcd_disp_Image) refers to main.o(i.glcd_gotoxy) for glcd_gotoxy
    main.o(i.glcd_disp_Image) refers to main.o(i.glcd_putImage) for glcd_putImage
    main.o(i.glcd_gotoxy) refers to main.o(i.Delay) for Delay
    main.o(i.glcd_gotoxy) refers to main.o(i.goto_row) for goto_row
    main.o(i.glcd_gotoxy) refers to main.o(i.goto_column) for goto_column
    main.o(i.glcd_line) refers to main.o(i.glcd_puts) for glcd_puts
    main.o(i.glcd_line) refers to main.o(.data) for arr
    main.o(i.glcd_off) refers to main.o(i.Delay) for Delay
    main.o(i.glcd_off) refers to main.o(i.send_command) for send_command
    main.o(i.glcd_on) refers to main.o(i.Delay) for Delay
    main.o(i.glcd_on) refers to main.o(i.send_command) for send_command
    main.o(i.glcd_plot) refers to main.o(i.Delay) for Delay
    main.o(i.glcd_plot) refers to dflt_clz.o(x$fpl$dfltu) for __aeabi_ui2d
    main.o(i.glcd_plot) refers to dmul.o(x$fpl$dmul) for __aeabi_dmul
    main.o(i.glcd_plot) refers to f2d.o(x$fpl$f2d) for __aeabi_f2d
    main.o(i.glcd_plot) refers to dleqf.o(x$fpl$dleqf) for __aeabi_cdcmple
    main.o(i.glcd_plot) refers to dflt_clz.o(x$fpl$dflt) for __aeabi_i2d
    main.o(i.glcd_plot) refers to drleqf.o(x$fpl$drleqf) for __aeabi_cdrcmple
    main.o(i.glcd_plot) refers to main.o(i.glcd_puts_point) for glcd_puts_point
    main.o(i.glcd_putImage) refers to main.o(i.Delay) for Delay
    main.o(i.glcd_putchar) refers to main.o(i.Delay) for Delay
    main.o(i.glcd_puts) refers to main.o(i.Delay) for Delay
    main.o(i.glcd_puts) refers to main.o(i.glcd_gotoxy) for glcd_gotoxy
    main.o(i.glcd_puts) refers to main.o(i.glcd_putchar) for glcd_putchar
    main.o(i.glcd_puts) refers to main.o(.data) for Font
    main.o(i.glcd_puts_point) refers to main.o(i.glcd_gotoxy) for glcd_gotoxy
    main.o(i.glcd_puts_point) refers to main.o(i.glcd_putImage) for glcd_putImage
    main.o(i.goto_column) refers to main.o(i.Delay) for Delay
    main.o(i.goto_row) refers to main.o(i.Delay) for Delay
    main.o(i.goto_row) refers to main.o(i.send_command) for send_command
    main.o(i.main) refers to _printf_percent.o(.ARM.Collect$$_printf_percent$$00000000) for _printf_percent
    main.o(i.main) refers to _printf_f.o(.ARM.Collect$$_printf_percent$$00000003) for _printf_f
    main.o(i.main) refers to printf1.o(x$fpl$printf1) for _printf_fp_dec
    main.o(i.main) refers to main.o(i.Clock_Set) for Clock_Set
    main.o(i.main) refers to main.o(i.GPIO_SET) for GPIO_SET
    main.o(i.main) refers to main.o(i.glcd_on) for glcd_on
    main.o(i.main) refers to main.o(i.glcd_clear_all) for glcd_clear_all
    main.o(i.main) refers to f2d.o(x$fpl$f2d) for __aeabi_f2d
    main.o(i.main) refers to round.o(i.__hardfp_round) for __hardfp_round
    main.o(i.main) refers to main.o(i.Delay) for Delay
    main.o(i.main) refers to noretval__2sprintf.o(.text) for __2sprintf
    main.o(i.main) refers to main.o(i.glcd_disp_Image) for glcd_disp_Image
    main.o(i.main) refers to main.o(i.glcd_puts) for glcd_puts
    main.o(i.main) refers to d2f.o(x$fpl$d2f) for __aeabi_d2f
    main.o(i.main) refers to main.o(.data) for x11
    main.o(i.main) refers to main.o(.bss) for ax1
    main.o(i.main) refers to daddsub_clz.o(x$fpl$dadd) for __aeabi_dadd
    main.o(i.main) refers to daddsub_clz.o(x$fpl$dsub) for __aeabi_dsub
    main.o(i.main) refers to arm_mat_init_f32.o(.text.arm_mat_init_f32) for arm_mat_init_f32
    main.o(i.main) refers to arm_mat_mult_f32.o(.text.arm_mat_mult_f32) for arm_mat_mult_f32
    main.o(i.send_command) refers to main.o(i.Delay) for Delay
    rtx_conf_cm.o(.emb_text) refers to rt_cmsis.o(i.osKernelInitialize) for osKernelInitialize
    rtx_conf_cm.o(.emb_text) refers to rt_cmsis.o(i.osThreadCreate) for osThreadCreate
    rtx_conf_cm.o(.emb_text) refers to rt_cmsis.o(i.osKernelStart) for osKernelStart
    rtx_conf_cm.o(.emb_text) refers to exit.o(.text) for exit
    rtx_conf_cm.o(.emb_text) refers to rtx_conf_cm.o(.constdata) for os_thread_def_main
    rtx_conf_cm.o(i.__user_perthread_libspace) refers to rt_task.o(i.rt_tsk_self) for rt_tsk_self
[...]
    .text                                    0x08000c7c   Section      128  strcmpv7m.o(.text)
    .text                                    0x08000cfc   Section        2  use_no_semi.o(.text)
    [Anonymous Symbol]                       0x08000cfe   Section        0  arm_mat_init_f32.o(.text.arm_mat_init_f32)
    .text                                    0x08000cfe   Section        0  indicate_semi.o(.text)
    [Anonymous Symbol]                       0x08000d08   Section        0  arm_mat_mult_f32.o(.text.arm_mat_mult_f32)
    CL$$btod_d2e                             0x08000e44   Section       62  btod.o(CL$$btod_d2e)
    CL$$btod_d2e_denorm_low                  0x08000e82   Section       70  btod.o(CL$$btod_d2e_denorm_low)
    CL$$btod_d2e_norm_op1                    0x08000ec8   Section       96  btod.o(CL$$btod_d2e_norm_op1)
    CL$$btod_div_common                      0x08000f28   Section      824  btod.o(CL$$btod_div_common)
    CL$$btod_e2e                             0x08001260   Section      220  btod.o(CL$$btod_e2e)
    CL$$btod_ediv                            0x0800133c   Section       42  btod.o(CL$$btod_ediv)
    CL$$btod_emul                            0x08001366   Section       42  btod.o(CL$$btod_emul)
    CL$$btod_mult_common                     0x08001390   Section      580  btod.o(CL$$btod_mult_common)
    SVC_TABLE                                0x080015d4   Section        4  svc_table.o(SVC_TABLE)
    i.Clock_Set                              0x080015d8   Section        0  main.o(i.Clock_Set)
    i.Delay                                  0x0800163c   Section        0  main.o(i.Delay)
    i.GPIO_SET                               0x0800164c   Section        0  main.o(i.GPIO_SET)
    i.SystemInit                             0x08001668   Section        0  system_stm32f4xx.o(i.SystemInit)
    i.__ARM_fpclassify                       0x080016cc   Section        0  fpclassify.o(i.__ARM_fpclassify)
    i.__hardfp_round                         0x08001700   Section        0  round.o(i.__hardfp_round)
    i._init_box                              0x080017e0   Section        0  rt_membox.o(i._init_box)
    i._is_digit                              0x08001826   Section        0  __printf_wp.o(i._is_digit)
    i._mutex_acquire                         0x08001834   Section        0  rtx_conf_cm.o(i._mutex_acquire)
    __tagsym$$used                           0x08001835   Number         0  rtx_conf_cm.o(i._mutex_acquire)
    i._mutex_release                         0x08001854   Section        0  rtx_conf_cm.o(i._mutex_release)
    __tagsym$$used                           0x08001855   Number         0  rtx_conf_cm.o(i._mutex_release)
    i.dbg_init                               0x08001870   Section        0  hal_cm.o(i.dbg_init)
    i.dbg_task_notify                        0x080018a0   Section        0  hal_cm.o(i.dbg_task_notify)
    i.dbg_task_switch                        0x080018c0   Section        0  hal_cm.o(i.dbg_task_switch)
    i.glcd_clear_all                         0x080018d0   Section        0  main.o(i.glcd_clear_all)
    i.glcd_clrearline                        0x080018f0   Section        0  main.o(i.glcd_clrearline)
    i.glcd_disp_Image                        0x08001958   Section        0  main.o(i.glcd_disp_Image)
    i.glcd_gotoxy                            0x0800199c   Section        0  main.o(i.glcd_gotoxy)
    i.glcd_on                                0x080019b6   Section        0  main.o(i.glcd_on)
    i.glcd_putImage                          0x080019d8   Section        0  main.o(i.glcd_putImage)
    i.glcd_putchar                           0x08001acc   Section        0  main.o(i.glcd_putchar)
    i.glcd_puts                              0x08001bc0   Section        0  main.o(i.glcd_puts)
    i.goto_column                            0x08001c20   Section        0  main.o(i.goto_column)
    i.goto_row                               0x08001d2c   Section        0  main.o(i.goto_row)
    i.isrMessageGet                          0x08001d46   Section        0  rt_cmsis.o(i.isrMessageGet)
    i.isrMessagePut                          0x08001d70   Section        0  rt_cmsis.o(i.isrMessagePut)
    i.isr_mbx_receive                        0x08001d9c   Section        0  rt_mailbox.o(i.isr_mbx_receive)
    i.isr_mbx_send                           0x08001df2   Section        0  rt_mailbox.o(i.isr_mbx_send)
    i.main                                   0x08001e00   Section        0  main.o(i.main)
    i.osKernelInitialize                     0x08002740   Section        0  rt_cmsis.o(i.osKernelInitialize)
    i.osKernelStart                          0x08002764   Section        0  rt_cmsis.o(i.osKernelStart)
    i.osMessageGet                           0x080027d0   Section        0  rt_cmsis.o(i.osMessageGet)
    i.osThreadCreate                         0x080027e8   Section        0  rt_cmsis.o(i.osThreadCreate)
    i.osThreadExit                           0x08002814   Section        0  rt_cmsis.o(i.osThreadExit)
    i.osTimerCall                            0x0800282c   Section        0  rt_cmsis.o(i.osTimerCall)
    i.osTimerThread                          0x08002838   Section        0  rt_cmsis.o(i.osTimerThread)
    i.os_error                               0x08002864   Section        0  rtx_conf_cm.o(i.os_error)
    i.os_idle_demon                          0x08002886   Section        0  rtx_conf_cm.o(i.os_idle_demon)
    i.os_tick_init                           0x0800288c   Section        0  rt_system.o(i.os_tick_init)
    i.os_tick_irqack                         0x080028b4   Section        0  rt_system.o(i.os_tick_irqack)
    i.rt_alloc_box                           0x080028b6   Section        0  rt_membox.o(i.rt_alloc_box)
    i.rt_alloc_mem                           0x080028d0   Section        0  rt_memory.o(i.rt_alloc_mem)
    i.rt_block                               0x08002910   Section        0  rt_task.o(i.rt_block)
    i.rt_chk_robin                           0x08002948   Section        0  rt_robin.o(i.rt_chk_robin)
    i.rt_dec_dly                             0x08002990   Section        0  rt_list.o(i.rt_dec_dly)
    i.rt_dispatch                            0x08002a00   Section        0  rt_task.o(i.rt_dispatch)
    i.rt_evt_psh                             0x08002a44   Section        0  rt_event.o(i.rt_evt_psh)
    i.rt_free_box                            0x08002a94   Section        0  rt_membox.o(i.rt_free_box)
    i.rt_free_mem                            0x08002ac0   Section        0  rt_memory.o(i.rt_free_mem)
    i.rt_get_first                           0x08002ae8   Section        0  rt_list.o(i.rt_get_first)
    i.rt_id2obj                              0x08002b10   Section        0  rt_cmsis.o(i.rt_id2obj)
    rt_id2obj                                0x08002b11   Thumb Code     8  rt_cmsis.o(i.rt_id2obj)
    i.rt_init_context                        0x08002b18   Section        0  rt_task.o(i.rt_init_context)
    rt_init_context                          0x08002b19   Thumb Code    66  rt_task.o(i.rt_init_context)
    i.rt_init_mem                            0x08002b60   Section        0  rt_memory.o(i.rt_init_mem)
    i.rt_init_robin                          0x08002b7c   Section        0  rt_robin.o(i.rt_init_robin)
    i.rt_init_stack                          0x08002b94   Section        0  hal_cm.o(i.rt_init_stack)
    i.rt_mbx_check                           0x08002c14   Section        0  rt_mailbox.o(i.rt_mbx_check)
    i.rt_mbx_init                            0x08002c1c   Section        0  rt_mailbox.o(i.rt_mbx_init)
    i.rt_mbx_psh                             0x08002c38   Section        0  rt_mailbox.o(i.rt_mbx_psh)
    i.rt_mbx_wait                            0x08002d28   Section        0  rt_mailbox.o(i.rt_mbx_wait)
    i.rt_ms2tick                             0x08002ddc   Section        0  rt_cmsis.o(i.rt_ms2tick)
    rt_ms2tick                               0x08002ddd   Thumb Code    58  rt_cmsis.o(i.rt_ms2tick)
    i.rt_mut_release                         0x08002e20   Section        0  rt_mutex.o(i.rt_mut_release)
    i.rt_mut_wait                            0x08002ef8   Section        0  rt_mutex.o(i.rt_mut_wait)
    i.rt_pop_req                             0x08002f70   Section        0  rt_system.o(i.rt_pop_req)
    i.rt_psh_req                             0x08002fec   Section        0  rt_system.o(i.rt_psh_req)
    i.rt_psq_enq                             0x0800300c   Section        0  rt_list.o(i.rt_psq_enq)
    i.rt_put_dly                             0x08003068   Section        0  rt_list.o(i.rt_put_dly)
    i.rt_put_prio                            0x080030b0   Section        0  rt_list.o(i.rt_put_prio)
    i.rt_put_rdy_first                       0x080030e8   Section        0  rt_list.o(i.rt_put_rdy_first)
    i.rt_resort_prio                         0x080030fc   Section        0  rt_list.o(i.rt_resort_prio)
    i.rt_ret_regs                            0x08003130   Section        0  hal_cm.o(i.rt_ret_regs)
    rt_ret_regs                              0x08003131   Thumb Code    16  hal_cm.o(i.rt_ret_regs)
    i.rt_ret_val                             0x08003140   Section        0  hal_cm.o(i.rt_ret_val)
    i.rt_ret_val2                            0x0800314c   Section        0  hal_cm.o(i.rt_ret_val2)
    i.rt_rmv_dly                             0x0800315c   Section        0  rt_list.o(i.rt_rmv_dly)
    i.rt_rmv_list                            0x08003184   Section        0  rt_list.o(i.rt_rmv_list)
    i.rt_sem_psh                             0x080031b4   Section        0  rt_semaphore.o(i.rt_sem_psh)
    i.rt_stk_check                           0x080031e8   Section        0  rt_system.o(i.rt_stk_check)
    i.rt_switch_req                          0x0800320c   Section        0  rt_task.o(i.rt_switch_req)
    i.rt_sys_init                            0x08003234   Section        0  rt_task.o(i.rt_sys_init)
    i.rt_sys_start                           0x08003300   Section        0  rt_task.o(i.rt_sys_start)
    i.rt_systick                             0x08003378   Section        0  rt_system.o(i.rt_systick)
    i.rt_tid2ptcb                            0x080033b8   Section        0  rt_cmsis.o(i.rt_tid2ptcb)
    rt_tid2ptcb                              0x080033b9   Thumb Code    18  rt_cmsis.o(i.rt_tid2ptcb)
    i.rt_timer_insert                        0x080033cc   Section        0  rt_cmsis.o(i.rt_timer_insert)
    rt_timer_insert                          0x080033cd   Thumb Code    48  rt_cmsis.o(i.rt_timer_insert)
    i.rt_tsk_create                          0x08003400   Section        0  rt_task.o(i.rt_tsk_create)
    i.rt_tsk_delete                          0x08003488   Section        0  rt_task.o(i.rt_tsk_delete)
    i.rt_tsk_prio                            0x08003604   Section        0  rt_task.o(i.rt_tsk_prio)
    i.rt_tsk_self                            0x08003680   Section        0  rt_task.o(i.rt_tsk_self)
    i.send_command                           0x08003690   Section        0  main.o(i.send_command)
    i.svcKernelInitialize                    0x08003714   Section        0  rt_cmsis.o(i.svcKernelInitialize)
    i.svcKernelStart                         0x08003784   Section        0  rt_cmsis.o(i.svcKernelStart)
    i.svcMessageCreate                       0x080037cc   Section        0  rt_cmsis.o(i.svcMessageCreate)
    i.svcMessageGet                          0x080037f0   Section        0  rt_cmsis.o(i.svcMessageGet)
    i.svcThreadCreate                        0x0800382c   Section        0  rt_cmsis.o(i.svcThreadCreate)
    i.svcThreadGetId                         0x08003898   Section        0  rt_cmsis.o(i.svcThreadGetId)
    i.svcThreadTerminate                     0x080038b4   Section        0  rt_cmsis.o(i.svcThreadTerminate)
    i.svcTimerCall                           0x080038ec   Section        0  rt_cmsis.o(i.svcTimerCall)
    i.sysTimerTick                           0x08003904   Section        0  rt_cmsis.o(i.sysTimerTick)
    locale$$code                             0x08003960   Section       44  lc_numeric_c.o(locale$$code)
    x$fpl$d2f                                0x0800398c   Section       98  d2f.o(x$fpl$d2f)
    $v0                                      0x0800398c   Number         0  d2f.o(x$fpl$d2f)
    x$fpl$dadd                               0x080039f0   Section      336  daddsub_clz.o(x$fpl$dadd)
    $v0                                      0x080039f0   Number         0  daddsub_clz.o(x$fpl$dadd)
    _dadd1                                   0x08003a01   Thumb Code     0  daddsub_clz.o(x$fpl$dadd)
    x$fpl$dcmpinf                            0x08003b40   Section       24  dcmpi.o(x$fpl$dcmpinf)
    $v0                                      0x08003b40   Number         0  dcmpi.o(x$fpl$dcmpinf)
    x$fpl$dleqf                              0x08003b58   Section      120  dleqf.o(x$fpl$dleqf)
    $v0                                      0x08003b58   Number         0  dleqf.o(x$fpl$dleqf)
    x$fpl$dnaninf                            0x08003bd0   Section      156  dnaninf.o(x$fpl$dnaninf)
    $v0                                      0x08003bd0   Number         0  dnaninf.o(x$fpl$dnaninf)
    x$fpl$dretinf                            0x08003c6c   Section       12  dretinf.o(x$fpl$dretinf)
    $v0                                      0x08003c6c   Number         0  dretinf.o(x$fpl$dretinf)
    x$fpl$drleqf                             0x08003c78   Section      108  drleqf.o(x$fpl$drleqf)
    $v0                                      0x08003c78   Number         0  drleqf.o(x$fpl$drleqf)
    x$fpl$drnd                               0x08003ce4   Section      180  drnd.o(x$fpl$drnd)
    $v0                                      0x08003ce4   Number         0  drnd.o(x$fpl$drnd)
    x$fpl$dsub                               0x08003d98   Section      468  daddsub_clz.o(x$fpl$dsub)
    $v0                                      0x08003d98   Number         0  daddsub_clz.o(x$fpl$dsub)
    _dsub1                                   0x08003da9   Thumb Code     0  daddsub_clz.o(x$fpl$dsub)
    x$fpl$f2d                                0x08003f6c   Section       86  f2d.o(x$fpl$f2d)
    $v0                                      0x08003f6c   Number         0  f2d.o(x$fpl$f2d)
    x$fpl$fnaninf                            0x08003fc2   Section      140  fnaninf.o(x$fpl$fnaninf)
    $v0                                      0x08003fc2   Number         0  fnaninf.o(x$fpl$fnaninf)
    x$fpl$fpinit                             0x0800404e   Section       10  fpinit.o(x$fpl$fpinit)
    $v0                                      0x0800404e   Number         0  fpinit.o(x$fpl$fpinit)
    x$fpl$fretinf                            0x08004058   Section       10  fretinf.o(x$fpl$fretinf)
    $v0                                      0x08004058   Number         0  fretinf.o(x$fpl$fretinf)
    x$fpl$printf1                            0x08004062   Section        4  printf1.o(x$fpl$printf1)
    $v0                                      0x08004062   Number         0  printf1.o(x$fpl$printf1)
    x$fpl$usenofp                            0x08004066   Section        0  usenofp.o(x$fpl$usenofp)
    .constdata                               0x08004068   Section      104  rtx_conf_cm.o(.constdata)
    __tagsym$$used                           0x08004084   Number         0  rtx_conf_cm.o(.constdata)
    __tagsym$$used                           0x08004088   Number         0  rtx_conf_cm.o(.constdata)
    __tagsym$$used                           0x0800408c   Number         0  rtx_conf_cm.o(.constdata)
    __tagsym$$used                           0x08004090   Number         0  rtx_conf_cm.o(.constdata)
    .constdata                               0x080040d0   Section      148  bigflt0.o(.constdata)
    tenpwrs_x                                0x080040d0   Data          60  bigflt0.o(.constdata)
    tenpwrs_i                                0x0800410c   Data          64  bigflt0.o(.constdata)
    locale$$data                             0x08004184   Section       28  lc_numeric_c.o(locale$$data)
    __lcnum_c_name                           0x08004188   Data           2  lc_numeric_c.o(locale$$data)
    __lcnum_c_start                          0x08004190   Data           0  lc_numeric_c.o(locale$$data)
    __lcnum_c_point                          0x0800419c   Data           0  lc_numeric_c.o(locale$$data)
    __lcnum_c_thousands                      0x0800419e   Data           0  lc_numeric_c.o(locale$$data)
    __lcnum_c_grouping                       0x0800419f   Data           0  lc_numeric_c.o(locale$$data)
    __lcnum_c_end                            0x080041a0   Data           0  lc_numeric_c.o(locale$$data)
    .data                                    0x20000000   Section     4206  main.o(.data)
    arr                                      0x2000106c   Data           2  main.o(.data)
    .data                                    0x20001070   Section       20  rtx_conf_cm.o(.data)
    nr_mutex                                 0x20001080   Data           4  rtx_conf_cm.o(.data)
    .data                                    0x20001084   Section        8  rt_cmsis.o(.data)
    .data                                    0x2000108c   Section        8  rt_task.o(.data)
    .data                                    0x20001094   Section        8  rt_system.o(.data)
    os_lock                                  0x20001094   Data           1  rt_system.o(.data)
    os_psh_flag                              0x20001095   Data           1  rt_system.o(.data)
    pend_flags                               0x20001096   Data           1  rt_system.o(.data)
    .data                                    0x2000109c   Section        4  rt_time.o(.data)
    .data                                    0x200010a0   Section        8  rt_robin.o(.data)
    .data                                    0x200010a8   Section        1  hal_cm.o(.data)
    .bss                                     0x200010ac   Section      288  main.o(.bss)
    .bss                                     0x200011d0   Section     3016  rtx_conf_cm.o(.bss)
    std_libspace                             0x20001a78   Data         672  rtx_conf_cm.o(.bss)
    std_libmutex                             0x20001d18   Data         128  rtx_conf_cm.o(.bss)
    .bss                                     0x20001d98   Section       52  rt_task.o(.bss)
    .bss                                     0x20001dcc   Section       48  rt_list.o(.bss)
    .bss                                     0x20001dfc   Section       96  libspace.o(.bss)
    HEAP                                     0x20001e60   Section      512  startup_stm32f407xx.o(HEAP)
    Heap_Mem                                 0x20001e60   Data         512  startup_stm32f407xx.o(HEAP)
    STACK                                    0x20002060   Section     1024  startup_stm32f407xx.o(STACK)
    Stack_Mem                                0x20002060   Data        1024  startup_stm32f407xx.o(STACK)
    __initial_sp                             0x20002460   Data           0  startup_stm32f407xx.o(STACK)

    Global Symbols

    Symbol Name                              Value     Ov Type        Size  Object(Section)

    BuildAttributes$$THM_ISAv4$E$P$D$K$B$S$7EM$VFPi3$EXTD16$VFPS$VFMA$PE$A:L22UL41UL21$X:L11$S22US41US21$IEEE1$IW$USESV6$~STKCKD$USESV7$~SHL$OTIME$ROPI$IEEEJ$EBA8$UX$STANDARDLIB$REQ8$PRES8$EABIv2 0x00000000   Number         0  anon$$obj.o ABSOLUTE
    __ARM_use_no_argv                        0x00000000   Number         0  main.o ABSOLUTE
    _printf_flags                            0x00000000   Number         0  printf_stubs.o ABSOLUTE
    _printf_return_value                     0x00000000   Number         0  printf_stubs.o ABSOLUTE
    _printf_sizespec                         0x00000000   Number         0  printf_stubs.o ABSOLUTE
    _printf_widthprec                        0x00000000   Number         0  printf_stubs.o ABSOLUTE
    __ARM_exceptions_init                     - Undefined Weak Reference
    __alloca_initialize                       - Undefined Weak Reference
    __arm_preinit_                            - Undefined Weak Reference
    __cpp_initialize__aeabi_                  - Undefined Weak Reference
    __cxa_finalize                            - Undefined Weak Reference
    __sigvec_lookup                           - Undefined Weak Reference
    _atexit_init                              - Undefined Weak Reference
    _call_atexit_fns                          - Undefined Weak Reference
    _clock_init                               - Undefined Weak Reference
    _fp_trap_init                             - Undefined Weak Reference
    _fp_trap_shutdown                         - Undefined Weak Reference
    _get_lc_collate                           - Undefined Weak Reference
    _get_lc_ctype                             - Undefined Weak Reference
    _get_lc_monetary                          - Undefined Weak Reference
    _get_lc_time                              - Undefined Weak Reference
    _getenv_init                              - Undefined Weak Reference
    _handle_redirection                       - Undefined Weak Reference
    _init_alloc                               - Undefined Weak Reference
    _init_user_alloc                          - Undefined Weak Reference
    _initio                                   - Undefined Weak Reference
    _printf_post_padding                      - Undefined Weak Reference
    _printf_pre_padding                       - Undefined Weak Reference
    _rand_init                                - Undefined Weak Reference
    _signal_finish                            - Undefined Weak Reference
    _signal_init                              - Undefined Weak Reference
    _terminate_alloc                          - Undefined Weak Reference
    _terminate_user_alloc                     - Undefined Weak Reference
    _terminateio                              - Undefined Weak Reference
    __Vectors_Size                           0x00000188   Number         0  startup_stm32f407xx.o ABSOLUTE
    __RL_RTX_VER                             0x00000482   Number         0  rt_system.o ABSOLUTE
    __Vectors                                0x08000000   Data           4  startup_stm32f407xx.o(RESET)
    __Vectors_End                            0x08000188   Data           0  startup_stm32f407xx.o(RESET)
    __main                                   0x08000189   Thumb Code     8  __main.o(!!!main)
    __scatterload                            0x08000191   Thumb Code     0  __scatter.o(!!!scatter)
    __scatterload_rt2                        0x08000191   Thumb Code    44  __scatter.o(!!!scatter)
    __scatterload_rt2_thumb_only             0x08000191   Thumb Code     0  __scatter.o(!!!scatter)
    __scatterload_null                       0x0800019f   Thumb Code     0  __scatter.o(!!!scatter)
    __decompress                             0x080001c5   Thumb Code    90  __dczerorl2.o(!!dczerorl2)
    __decompress1                            0x080001c5   Thumb Code     0  __dczerorl2.o(!!dczerorl2)
    __scatterload_zeroinit                   0x08000221   Thumb Code    28  __scatter_zi.o(!!handler_zi)
    _printf_f                                0x0800023d   Thumb Code     0  _printf_f.o(.ARM.Collect$$_printf_percent$$00000003)
    _printf_percent                          0x0800023d   Thumb Code     0  _printf_percent.o(.ARM.Collect$$_printf_percent$$00000000)
    _printf_percent_end                      0x08000243   Thumb Code     0  _printf_percent_end.o(.ARM.Collect$$_printf_percent$$00000017)
    __rt_lib_init                            0x08000247   Thumb Code     0  libinit.o(.ARM.Collect$$libinit$$00000000)
    __rt_lib_init_fp_1                       0x08000249   Thumb Code     0  libinit2.o(.ARM.Collect$$libinit$$00000001)
    __rt_lib_init_heap_1                     0x0800024d   Thumb Code     0  libinit2.o(.ARM.Collect$$libinit$$0000000A)
    __rt_lib_init_lc_common                  0x0800024d   Thumb Code     0  libinit2.o(.ARM.Collect$$libinit$$0000000F)
    __rt_lib_init_preinit_1                  0x0800024d   Thumb Code     0  libinit2.o(.ARM.Collect$$libinit$$00000004)
    __rt_lib_init_rand_1                     0x0800024d   Thumb Code     0  libinit2.o(.ARM.Collect$$libinit$$0000000E)
    __rt_lib_init_user_alloc_1               0x0800024d   Thumb Code     0  libinit2.o(.ARM.Collect$$libinit$$0000000C)
    __rt_lib_init_lc_collate_1               0x08000253   Thumb Code     0  libinit2.o(.ARM.Collect$$libinit$$00000011)
    __rt_lib_init_lc_ctype_1                 0x08000253   Thumb Code     0  libinit2.o(.ARM.Collect$$libinit$$00000013)
    __rt_lib_init_lc_monetary_1              0x08000253   Thumb Code     0  libinit2.o(.ARM.Collect$$libinit$$00000015)
    __rt_lib_init_lc_numeric_2               0x08000253   Thumb Code     0  libinit2.o(.ARM.Collect$$libinit$$00000016)
    __rt_lib_init_alloca_1                   0x0800025d   Thumb Code     0  libinit2.o(.ARM.Collect$$libinit$$0000002E)
    __rt_lib_init_argv_1                     0x0800025d   Thumb Code     0  libinit2.o(.ARM.Collect$$libinit$$0000002C)
    __rt_lib_init_atexit_1                   0x0800025d   Thumb Code     0  libinit2.o(.ARM.Collect$$libinit$$0000001B)
    __rt_lib_init_clock_1                    0x0800025d   Thumb Code     0  libinit2.o(.ARM.Collect$$libinit$$00000021)
    __rt_lib_init_cpp_1                      0x0800025d   Thumb Code     0  libinit2.o(.ARM.Collect$$libinit$$00000032)
    __rt_lib_init_exceptions_1               0x0800025d   Thumb Code     0  libinit2.o(.ARM.Collect$$libinit$$00000030)
    __rt_lib_init_fp_trap_1                  0x0800025d   Thumb Code     0  libinit2.o(.ARM.Collect$$libinit$$0000001F)
    __rt_lib_init_getenv_1                   0x0800025d   Thumb Code     0  libinit2.o(.ARM.Collect$$libinit$$00000023)
    __rt_lib_init_lc_numeric_1               0x0800025d   Thumb Code     0  libinit2.o(.ARM.Collect$$libinit$$00000017)
    __rt_lib_init_lc_time_1                  0x0800025d   Thumb Code     0  libinit2.o(.ARM.Collect$$libinit$$00000019)
    __rt_lib_init_return                     0x0800025d   Thumb Code     0  libinit2.o(.ARM.Collect$$libinit$$00000033)
    __rt_lib_init_signal_1                   0x0800025d   Thumb Code     0  libinit2.o(.ARM.Collect$$libinit$$0000001D)
    __rt_lib_init_stdio_1                    0x0800025d   Thumb Code     0  libinit2.o(.ARM.Collect$$libinit$$00000025)
    __rt_lib_shutdown                        0x0800025f   Thumb Code     0  libshutdown.o(.ARM.Collect$$libshutdown$$00000000)
    __rt_lib_shutdown_cpp_1                  0x08000261   Thumb Code     0  libshutdown2.o(.ARM.Collect$$libshutdown$$00000002)
    __rt_lib_shutdown_fp_trap_1              0x08000261   Thumb Code     0  libshutdown2.o(.ARM.Collect$$libshutdown$$00000007)
    __rt_lib_shutdown_heap_1                 0x08000261   Thumb Code     0  libshutdown2.o(.ARM.Collect$$libshutdown$$0000000F)
    __rt_lib_shutdown_return                 0x08000261   Thumb Code     0  libshutdown2.o(.ARM.Collect$$libshutdown$$00000010)
    __rt_lib_shutdown_signal_1               0x08000261   Thumb Code     0  libshutdown2.o(.ARM.Collect$$libshutdown$$0000000A)
    __rt_lib_shutdown_stdio_1                0x08000261   Thumb Code     0  libshutdown2.o(.ARM.Collect$$libshutdown$$00000004)
    __rt_lib_shutdown_user_alloc_1           0x08000261   Thumb Code     0  libshutdown2.o(.ARM.Collect$$libshutdown$$0000000C)
    __rt_entry                               0x08000263   Thumb Code     0  __rtentry.o(.ARM.Collect$$rtentry$$00000000)
    __rt_entry_presh_1                       0x08000263   Thumb Code     0  __rtentry2.o(.ARM.Collect$$rtentry$$00000002)
    __rt_entry_sh                            0x08000263   Thumb Code     0  __rtentry4.o(.ARM.Collect$$rtentry$$00000004)
    __rt_entry_li                            0x08000269   Thumb Code     0  __rtentry2.o(.ARM.Collect$$rtentry$$0000000A)
    __rt_entry_postsh_1                      0x08000269   Thumb Code     0  __rtentry2.o(.ARM.Collect$$rtentry$$00000009)
    __rt_entry_postli_1                      0x0800026d   Thumb Code     0  __rtentry2.o(.ARM.Collect$$rtentry$$0000000B)
    __rt_entry_main                          0x08000275   Thumb Code     0  __rtentry2.o(.ARM.Collect$$rtentry$$0000000D)
    __rt_exit                                0x0800027d   Thumb Code     0  rtexit.o(.ARM.Collect$$rtexit$$00000000)
    __rt_exit_ls                             0x0800027f   Thumb Code     0  rtexit2.o(.ARM.Collect$$rtexit$$00000003)
    __rt_exit_prels_1                        0x0800027f   Thumb Code     0  rtexit2.o(.ARM.Collect$$rtexit$$00000002)
    __rt_exit_exit                           0x08000283   Thumb Code     0  rtexit2.o(.ARM.Collect$$rtexit$$00000004)
    _platform_post_lib_init                  0x08000289   Thumb Code    24  rtx_conf_cm.o(.emb_text)
    rt_set_PSP                               0x080002a5   Thumb Code     6  hal_cm4.o(.emb_text)
    rt_get_PSP                               0x080002ab   Thumb Code     6  hal_cm4.o(.emb_text)
    os_set_env                               0x080002b1   Thumb Code    24  hal_cm4.o(.emb_text)
    _alloc_box                               0x080002cd   Thumb Code    28  hal_cm4.o(.emb_text)
    _free_box                                0x080002ed   Thumb Code    28  hal_cm4.o(.emb_text)
    SVC_Handler                              0x0800030d   Thumb Code   168  hal_cm4.o(.emb_text)
    PendSV_Handler                           0x080003c5   Thumb Code    96  hal_cm4.o(.emb_text)
    SysTick_Handler                          0x08000429   Thumb Code     8  hal_cm4.o(.emb_text)
    OS_Tick_Handler                          0x08000431   Thumb Code    12  hal_cm4.o(.emb_text)
    Reset_Handler                            0x0800043d   Thumb Code     8  startup_stm32f407xx.o(.text)
    NMI_Handler                              0x08000445   Thumb Code     2  startup_stm32f407xx.o(.text)
    HardFault_Handler                        0x08000447   Thumb Code     2  startup_stm32f407xx.o(.text)
    MemManage_Handler                        0x08000449   Thumb Code     2  startup_stm32f407xx.o(.text)
    BusFault_Handler                         0x0800044b   Thumb Code     2  startup_stm32f407xx.o(.text)
    UsageFault_Handler                       0x0800044d   Thumb Code     2  startup_stm32f407xx.o(.text)
    DebugMon_Handler                         0x08000451   Thumb Code     2  startup_stm32f407xx.o(.text)
    ADC_IRQHandler                           0x08000457   Thumb Code     0  startup_stm32f407xx.o(.text)
    CAN1_RX0_IRQHandler                      0x08000457   Thumb Code     0  startup_stm32f407xx.o(.text)
    CAN1_RX1_IRQHandler                      0x08000457   Thumb Code     0  startup_stm32f407xx.o(.text)
    CAN1_SCE_IRQHandler                      0x08000457   Thumb Code     0  startup_stm32f407xx.o(.text)
    CAN1_TX_IRQHandler                       0x08000457   Thumb Code     0  startup_stm32f407xx.o(.text)
    CAN2_RX0_IRQHandler                      0x08000457   Thumb Code     0  startup_stm32f407xx.o(.text)
    CAN2_RX1_IRQHandler                      0x08000457   Thumb Code     0  startup_stm32f407xx.o(.text)
    CAN2_SCE_IRQHandler                      0x08000457   Thumb Code     0  startup_stm32f407xx.o(.text)
    CAN2_TX_IRQHandler                       0x08000457   Thumb Code     0  startup_stm32f407xx.o(.text)
    DCMI_IRQHandler                          0x08000457   Thumb Code     0  startup_stm32f407xx.o(.text)
    DMA1_Stream0_IRQHandler                  0x08000457   Thumb Code     0  startup_stm32f407xx.o(.text)
    DMA1_Stream1_IRQHandler                  0x08000457   Thumb Code     0  startup_stm32f407xx.o(.text)
    DMA1_Stream2_IRQHandler                  0x08000457   Thumb Code     0  startup_stm32f407xx.o(.text)
    DMA1_Stream3_IRQHandler                  0x08000457   Thumb Code     0  startup_stm32f407xx.o(.text)
    DMA1_Stream4_IRQHandler                  0x08000457   Thumb Code     0  startup_stm32f407xx.o(.text)
    DMA1_Stream5_IRQHandler                  0x08000457   Thumb Code     0  startup_stm32f407xx.o(.text)
    DMA1_Stream6_IRQHandler                  0x08000457   Thumb Code     0  startup_stm32f407xx.o(.text)
    DMA1_Stream7_IRQHandler                  0x08000457   Thumb Code     0  startup_stm32f407xx.o(.text)
    DMA2_Stream0_IRQHandler                  0x08000457   Thumb Code     0  startup_stm32f407xx.o(.text)
    DMA2_Stream1_IRQHandler                  0x08000457   Thumb Code     0  startup_stm32f407xx.o(.text)
    DMA2_Stream2_IRQHandler                  0x08000457   Thumb Code     0  startup_stm32f407xx.o(.text)
    DMA2_Stream3_IRQHandler                  0x08000457   Thumb Code     0  startup_stm32f407xx.o(.text)
    DMA2_Stream4_IRQHandler                  0x08000457   Thumb Code     0  startup_stm32f407xx.o(.text)
    DMA2_Stream5_IRQHandler                  0x08000457   Thumb Code     0  startup_stm32f407xx.o(.text)
    DMA2_Stream6_IRQHandler                  0x08000457   Thumb Code     0  startup_stm32f407xx.o(.text)
    DMA2_Stream7_IRQHandler                  0x08000457   Thumb Code     0  startup_stm32f407xx.o(.text)
    ETH_IRQHandler                           0x08000457   Thumb Code     0  startup_stm32f407xx.o(.text)
    ETH_WKUP_IRQHandler                      0x08000457   Thumb Code     0  startup_stm32f407xx.o(.text)
    EXTI0_IRQHandler                         0x08000457   Thumb Code     0  startup_stm32f407xx.o(.text)
    EXTI15_10_IRQHandler                     0x08000457   Thumb Code     0  startup_stm32f407xx.o(.text)
    EXTI1_IRQHandler                         0x08000457   Thumb Code     0  startup_stm32f407xx.o(.text)
    EXTI2_IRQHandler                         0x08000457   Thumb Code     0  startup_stm32f407xx.o(.text)
    EXTI3_IRQHandler                         0x08000457   Thumb Code     0  startup_stm32f407xx.o(.text)
    EXTI4_IRQHandler                         0x08000457   Thumb Code     0  startup_stm32f407xx.o(.text)
    EXTI9_5_IRQHandler                       0x08000457   Thumb Code     0  startup_stm32f407xx.o(.text)
    FLASH_IRQHandler                         0x08000457   Thumb Code     0  startup_stm32f407xx.o(.text)
    FMC_IRQHandler                           0x08000457   Thumb Code     0  startup_stm32f407xx.o(.text)
    FPU_IRQHandler                           0x08000457   Thumb Code     0  startup_stm32f407xx.o(.text)
    HASH_RNG_IRQHandler                      0x08000457   Thumb Code     0  startup_stm32f407xx.o(.text)
    I2C1_ER_IRQHandler                       0x08000457   Thumb Code     0  startup_stm32f407xx.o(.text)
    I2C1_EV_IRQHandler                       0x08000457   Thumb Code     0  startup_stm32f407xx.o(.text)
    I2C2_ER_IRQHandler                       0x08000457   Thumb Code     0  startup_stm32f407xx.o(.text)
    I2C2_EV_IRQHandler                       0x08000457   Thumb Code     0  startup_stm32f407xx.o(.text)
    I2C3_ER_IRQHandler                       0x08000457   Thumb Code     0  startup_stm32f407xx.o(.text)
    I2C3_EV_IRQHandler                       0x08000457   Thumb Code     0  startup_stm32f407xx.o(.text)
    OTG_FS_IRQHandler                        0x08000457   Thumb Code     0  startup_stm32f407xx.o(.text)
    OTG_FS_WKUP_IRQHandler                   0x08000457   Thumb Code     0  startup_stm32f407xx.o(.text)
    OTG_HS_EP1_IN_IRQHandler                 0x08000457   Thumb Code     0  startup_stm32f407xx.o(.text)
    OTG_HS_EP1_OUT_IRQHandler                0x08000457   Thumb Code     0  startup_stm32f407xx.o(.text)
    OTG_HS_IRQHandler                        0x08000457   Thumb Code     0  startup_stm32f407xx.o(.text)
    OTG_HS_WKUP_IRQHandler                   0x08000457   Thumb Code     0  startup_stm32f407xx.o(.text)
    PVD_IRQHandler                           0x08000457   Thumb Code     0  startup_stm32f407xx.o(.text)
    RCC_IRQHandler                           0x08000457   Thumb Code     0  startup_stm32f407xx.o(.text)
    RTC_Alarm_IRQHandler                     0x08000457   Thumb Code     0  startup_stm32f407xx.o(.text)
    RTC_WKUP_IRQHandler                      0x08000457   Thumb Code     0  startup_stm32f407xx.o(.text)
    SDIO_IRQHandler                          0x08000457   Thumb Code     0  startup_stm32f407xx.o(.text)
    SPI1_IRQHandler                          0x08000457   Thumb Code     0  startup_stm32f407xx.o(.text)
    SPI2_IRQHandler                          0x08000457   Thumb Code     0  startup_stm32f407xx.o(.text)
    SPI3_IRQHandler                          0x08000457   Thumb Code     0  startup_stm32f407xx.o(.text)
    TAMP_STAMP_IRQHandler                    0x08000457   Thumb Code     0  startup_stm32f407xx.o(.text)
    TIM1_BRK_TIM9_IRQHandler                 0x08000457   Thumb Code     0  startup_stm32f407xx.o(.text)
    TIM1_CC_IRQHandler                       0x08000457   Thumb Code     0  startup_stm32f407xx.o(.text)
    TIM1_TRG_COM_TIM11_IRQHandler            0x08000457   Thumb Code     0  startup_stm32f407xx.o(.text)
    TIM1_UP_TIM10_IRQHandler                 0x08000457   Thumb Code     0  startup_stm32f407xx.o(.text)
    TIM2_IRQHandler                          0x08000457   Thumb Code     0  startup_stm32f407xx.o(.text)
    TIM3_IRQHandler                          0x08000457   Thumb Code     0  startup_stm32f407xx.o(.text)
    TIM4_IRQHandler                          0x08000457   Thumb Code     0  startup_stm32f407xx.o(.text)
    TIM5_IRQHandler                          0x08000457   Thumb Code     0  startup_stm32f407xx.o(.text)
    TIM6_DAC_IRQHandler                      0x08000457   Thumb Code     0  startup_stm32f407xx.o(.text)
    TIM7_IRQHandler                          0x08000457   Thumb Code     0  startup_stm32f407xx.o(.text)
    TIM8_BRK_TIM12_IRQHandler                0x08000457   Thumb Code     0  startup_stm32f407xx.o(.text)
    TIM8_CC_IRQHandler                       0x08000457   Thumb Code     0  startup_stm32f407xx.o(.text)
    TIM8_TRG_COM_TIM14_IRQHandler            0x08000457   Thumb Code     0  startup_stm32f407xx.o(.text)
    TIM8_UP_TIM13_IRQHandler                 0x08000457   Thumb Code     0  startup_stm32f407xx.o(.text)
    UART4_IRQHandler                         0x08000457   Thumb Code     0  startup_stm32f407xx.o(.text)
    UART5_IRQHandler                         0x08000457   Thumb Code     0  startup_stm32f407xx.o(.text)
    USART1_IRQHandler                        0x08000457   Thumb Code     0  startup_stm32f407xx.o(.text)
    USART2_IRQHandler                        0x08000457   Thumb Code     0  startup_stm32f407xx.o(.text)
    USART3_IRQHandler                        0x08000457   Thumb Code     0  startup_stm32f407xx.o(.text)
    USART6_IRQHandler                        0x08000457   Thumb Code     0  startup_stm32f407xx.o(.text)
    WWDG_IRQHandler                          0x08000457   Thumb Code     0  startup_stm32f407xx.o(.text)
    __user_initial_stackheap                 0x08000459   Thumb Code     0  startup_stm32f407xx.o(.text)
    __user_libspace                          0x0800047d   Thumb Code     8  libspace.o(.text)
    __user_perproc_libspace                  0x0800047d   Thumb Code     0  libspace.o(.text)
    __2sprintf                               0x08000485   Thumb Code    34  noretval__2sprintf.o(.text)
    __printf                                 0x080004ad   Thumb Code   270  __printf_wp.o(.text)
    exit                                     0x080005bb   Thumb Code    18  exit.o(.text)
    __use_two_region_memory                  0x080005cd   Thumb Code     2  heapauxi.o(.text)
    __rt_heap_escrow$2region                 0x080005cf   Thumb Code     2  heapauxi.o(.text)
    __rt_heap_expand$2region                 0x080005d1   Thumb Code     2  heapauxi.o(.text)
    __lib_sel_fp_printf                      0x080005d3   Thumb Code     2  _printf_fp_dec.o(.text)
    _printf_fp_dec_real                      0x08000785   Thumb Code   620  _printf_fp_dec.o(.text)
    _printf_char_common                      0x080009fb   Thumb Code    32  _printf_char_common.o(.text)
    _sputc                                   0x08000a21   Thumb Code    10  _sputc.o(.text)
    __rt_locale                              0x08000a2b   Thumb Code    10  rt_locale_twolibspace.o(.text)
    _ll_udiv10                               0x08000a35   Thumb Code   138  lludiv10.o(.text)
    _printf_fp_infnan                        0x08000ac1   Thumb Code   112  _printf_fp_infnan.o(.text)
    _btod_etento                             0x08000b41   Thumb Code   224  bigflt0.o(.text)
    _sys_exit                                0x08000c25   Thumb Code     8  sys_exit.o(.text)
    __user_setup_stackheap                   0x08000c31   Thumb Code    74  sys_stackheap_outer.o(.text)
    strcmp                                   0x08000c7d   Thumb Code   128  strcmpv7m.o(.text)
    __I$use$semihosting                      0x08000cfd   Thumb Code     0  use_no_semi.o(.text)
    __use_no_semihosting_swi                 0x08000cfd   Thumb Code     2  use_no_semi.o(.text)
    __semihosting_library_function           0x08000cff   Thumb Code     0  indicate_semi.o(.text)
    arm_mat_init_f32                         0x08000cff   Thumb Code     8  arm_mat_init_f32.o(.text.arm_mat_init_f32)
    arm_mat_mult_f32                         0x08000d09   Thumb Code   316  arm_mat_mult_f32.o(.text.arm_mat_mult_f32)
    _btod_d2e                                0x08000e45   Thumb Code    62  btod.o(CL$$btod_d2e)
    _d2e_denorm_low                          0x08000e83   Thumb Code    70  btod.o(CL$$btod_d2e_denorm_low)
    _d2e_norm_op1                            0x08000ec9   Thumb Code    96  btod.o(CL$$btod_d2e_norm_op1)
    __btod_div_common                        0x08000f29   Thumb Code   696  btod.o(CL$$btod_div_common)
    _e2e                                     0x08001261   Thumb Code   220  btod.o(CL$$btod_e2e)
    _btod_ediv                               0x0800133d   Thumb Code    42  btod.o(CL$$btod_ediv)
    _btod_emul                               0x08001367   Thumb Code    42  btod.o(CL$$btod_emul)
    __btod_mult_common                       0x08001391   Thumb Code   580  btod.o(CL$$btod_mult_common)
    SVC_Count                                0x080015d4   Data           4  svc_table.o(SVC_TABLE)
    Clock_Set                                0x080015d9   Thumb Code    92  main.o(i.Clock_Set)
    SVC_Table                                0x080015d8   Data           0  svc_table.o(SVC_TABLE)
    Delay                                    0x0800163d   Thumb Code    16  main.o(i.Delay)
    GPIO_SET                                 0x0800164d   Thumb Code    18  main.o(i.GPIO_SET)
    SystemInit                               0x08001669   Thumb Code    82  system_stm32f4xx.o(i.SystemInit)
    __ARM_fpclassify                         0x080016cd   Thumb Code    48  fpclassify.o(i.__ARM_fpclassify)
    __hardfp_round                           0x08001701   Thumb Code   194  round.o(i.__hardfp_round)
    _init_box                                0x080017e1   Thumb Code    70  rt_membox.o(i._init_box)
    _is_digit                                0x08001827   Thumb Code    14  __printf_wp.o(i._is_digit)
    _mutex_acquire                           0x08001835   Thumb Code    22  rtx_conf_cm.o(i._mutex_acquire)
    _mutex_release                           0x08001855   Thumb Code    18  rtx_conf_cm.o(i._mutex_release)
    dbg_init                                 0x08001871   Thumb Code    34  hal_cm.o(i.dbg_init)
    dbg_task_notify                          0x080018a1   Thumb Code    32  hal_cm.o(i.dbg_task_notify)
    dbg_task_switch                          0x080018c1   Thumb Code    16  hal_cm.o(i.dbg_task_switch)
    glcd_clear_all                           0x080018d1   Thumb Code    32  main.o(i.glcd_clear_all)
    glcd_clrearline                          0x080018f1   Thumb Code   100  main.o(i.glcd_clrearline)
    glcd_disp_Image                          0x08001959   Thumb Code    68  main.o(i.glcd_disp_Image)
    glcd_gotoxy                              0x0800199d   Thumb Code    26  main.o(i.glcd_gotoxy)
    glcd_on                                  0x080019b7   Thumb Code    34  main.o(i.glcd_on)
    glcd_putImage                            0x080019d9   Thumb Code   234  main.o(i.glcd_putImage)
    glcd_putchar                             0x08001acd   Thumb Code   234  main.o(i.glcd_putchar)
    glcd_puts                                0x08001bc1   Thumb Code    92  main.o(i.glcd_puts)
    goto_column                              0x08001c21   Thumb Code   258  main.o(i.goto_column)
    goto_row                                 0x08001d2d   Thumb Code    26  main.o(i.goto_row)
    isrMessageGet                            0x08001d47   Thumb Code    42  rt_cmsis.o(i.isrMessageGet)
    isrMessagePut                            0x08001d71   Thumb Code    44  rt_cmsis.o(i.isrMessagePut)
    isr_mbx_receive                          0x08001d9d   Thumb Code    86  rt_mailbox.o(i.isr_mbx_receive)
    isr_mbx_send                             0x08001df3   Thumb Code    14  rt_mailbox.o(i.isr_mbx_send)
    main                                     0x08001e01   Thumb Code  2366  main.o(i.main)
    osKernelInitialize                       0x08002741   Thumb Code    30  rt_cmsis.o(i.osKernelInitialize)
    osKernelStart                            0x08002765   Thumb Code    98  rt_cmsis.o(i.osKernelStart)
    osMessageGet                             0x080027d1   Thumb Code    18  rt_cmsis.o(i.osMessageGet)
    osThreadCreate                           0x080027e9   Thumb Code    36  rt_cmsis.o(i.osThreadCreate)
    osThreadExit                             0x08002815   Thumb Code    14  rt_cmsis.o(i.osThreadExit)
    osTimerCall                              0x0800282d   Thumb Code     8  rt_cmsis.o(i.osTimerCall)
    osTimerThread                            0x08002839   Thumb Code    38  rt_cmsis.o(i.osTimerThread)
    os_error                                 0x08002865   Thumb Code    34  rtx_conf_cm.o(i.os_error)
    os_idle_demon                            0x08002887   Thumb Code     4  rtx_conf_cm.o(i.os_idle_demon)
    os_tick_init                             0x0800288d   Thumb Code    32  rt_system.o(i.os_tick_init)
    os_tick_irqack                           0x080028b5   Thumb Code     2  rt_system.o(i.os_tick_irqack)
    rt_alloc_box                             0x080028b7   Thumb Code    26  rt_membox.o(i.rt_alloc_box)
    rt_alloc_mem                             0x080028d1   Thumb Code    62  rt_memory.o(i.rt_alloc_mem)
    rt_block                                 0x08002911   Thumb Code    48  rt_task.o(i.rt_block)
    rt_chk_robin                             0x08002949   Thumb Code    60  rt_robin.o(i.rt_chk_robin)
    rt_dec_dly                               0x08002991   Thumb Code   102  rt_list.o(i.rt_dec_dly)
    rt_dispatch                              0x08002a01   Thumb Code    60  rt_task.o(i.rt_dispatch)
    rt_evt_psh                               0x08002a45   Thumb Code    76  rt_event.o(i.rt_evt_psh)
    rt_free_box                              0x08002a95   Thumb Code    44  rt_membox.o(i.rt_free_box)
    rt_free_mem                              0x08002ac1   Thumb Code    40  rt_memory.o(i.rt_free_mem)
    rt_get_first                             0x08002ae9   Thumb Code    40  rt_list.o(i.rt_get_first)
    rt_init_mem                              0x08002b61   Thumb Code    26  rt_memory.o(i.rt_init_mem)
    rt_init_robin                            0x08002b7d   Thumb Code    14  rt_robin.o(i.rt_init_robin)
    rt_init_stack                            0x08002b95   Thumb Code   118  hal_cm.o(i.rt_init_stack)
    rt_mbx_check                             0x08002c15   Thumb Code     8  rt_mailbox.o(i.rt_mbx_check)
    rt_mbx_init                              0x08002c1d   Thumb Code    26  rt_mailbox.o(i.rt_mbx_init)
    rt_mbx_psh                               0x08002c39   Thumb Code   236  rt_mailbox.o(i.rt_mbx_psh)
    rt_mbx_wait                              0x08002d29   Thumb Code   174  rt_mailbox.o(i.rt_mbx_wait)
    rt_mut_release                           0x08002e21   Thumb Code   208  rt_mutex.o(i.rt_mut_release)
    rt_mut_wait                              0x08002ef9   Thumb Code   114  rt_mutex.o(i.rt_mut_wait)
    rt_pop_req                               0x08002f71   Thumb Code   112  rt_system.o(i.rt_pop_req)
    rt_psh_req                               0x08002fed   Thumb Code    22  rt_system.o(i.rt_psh_req)
    rt_psq_enq                               0x0800300d   Thumb Code    88  rt_list.o(i.rt_psq_enq)
    rt_put_dly                               0x08003069   Thumb Code    68  rt_list.o(i.rt_put_dly)
    rt_put_prio                              0x080030b1   Thumb Code    54  rt_list.o(i.rt_put_prio)
    rt_put_rdy_first                         0x080030e9   Thumb Code    14  rt_list.o(i.rt_put_rdy_first)
    rt_resort_prio                           0x080030fd   Thumb Code    46  rt_list.o(i.rt_resort_prio)
    rt_ret_val                               0x08003141   Thumb Code    12  hal_cm.o(i.rt_ret_val)
    rt_ret_val2                              0x0800314d   Thumb Code    16  hal_cm.o(i.rt_ret_val2)
    rt_rmv_dly                               0x0800315d   Thumb Code    40  rt_list.o(i.rt_rmv_dly)
    rt_rmv_list                              0x08003185   Thumb Code    44  rt_list.o(i.rt_rmv_list)
    rt_sem_psh                               0x080031b5   Thumb Code    48  rt_semaphore.o(i.rt_sem_psh)
    rt_stk_check                             0x080031e9   Thumb Code    28  rt_system.o(i.rt_stk_check)
    rt_switch_req                            0x0800320d   Thumb Code    30  rt_task.o(i.rt_switch_req)
    rt_sys_init                              0x08003235   Thumb Code   138  rt_task.o(i.rt_sys_init)
    rt_sys_start                             0x08003301   Thumb Code   110  rt_task.o(i.rt_sys_start)
    rt_systick                               0x08003379   Thumb Code    50  rt_system.o(i.rt_systick)
    rt_tsk_create                            0x08003401   Thumb Code   118  rt_task.o(i.rt_tsk_create)
    rt_tsk_delete                            0x08003489   Thumb Code   352  rt_task.o(i.rt_tsk_delete)
    rt_tsk_prio                              0x08003605   Thumb Code   108  rt_task.o(i.rt_tsk_prio)
    rt_tsk_self                              0x08003681   Thumb Code    12  rt_task.o(i.rt_tsk_self)
    send_command                             0x08003691   Thumb Code   122  main.o(i.send_command)
    svcKernelInitialize                      0x08003715   Thumb Code    80  rt_cmsis.o(i.svcKernelInitialize)
    svcKernelStart                           0x08003785   Thumb Code    62  rt_cmsis.o(i.svcKernelStart)
    svcMessageCreate                         0x080037cd   Thumb Code    36  rt_cmsis.o(i.svcMessageCreate)
    svcMessageGet                            0x080037f1   Thumb Code    58  rt_cmsis.o(i.svcMessageGet)
    svcThreadCreate                          0x0800382d   Thumb Code    96  rt_cmsis.o(i.svcThreadCreate)
    svcThreadGetId                           0x08003899   Thumb Code    22  rt_cmsis.o(i.svcThreadGetId)
    svcThreadTerminate                       0x080038b5   Thumb Code    50  rt_cmsis.o(i.svcThreadTerminate)
    svcTimerCall                             0x080038ed   Thumb Code    24  rt_cmsis.o(i.svcTimerCall)
    sysTimerTick                             0x08003905   Thumb Code    84  rt_cmsis.o(i.sysTimerTick)
    _get_lc_numeric                          0x08003961   Thumb Code    44  lc_numeric_c.o(locale$$code)
    __aeabi_d2f                              0x0800398d   Thumb Code     0  d2f.o(x$fpl$d2f)
    _d2f                                     0x0800398d   Thumb Code    98  d2f.o(x$fpl$d2f)
    __aeabi_dadd                             0x080039f1   Thumb Code     0  daddsub_clz.o(x$fpl$dadd)
    _dadd                                    0x080039f1   Thumb Code   332  daddsub_clz.o(x$fpl$dadd)
    __fpl_dcmp_Inf                           0x08003b41   Thumb Code    24  dcmpi.o(x$fpl$dcmpinf)
    __aeabi_cdcmple                          0x08003b59   Thumb Code     0  dleqf.o(x$fpl$dleqf)
    _dcmple                                  0x08003b59   Thumb Code   120  dleqf.o(x$fpl$dleqf)
    __fpl_dcmple_InfNaN                      0x08003bbb   Thumb Code     0  dleqf.o(x$fpl$dleqf)
    __fpl_dnaninf                            0x08003bd1   Thumb Code   156  dnaninf.o(x$fpl$dnaninf)
    __fpl_dretinf                            0x08003c6d   Thumb Code    12  dretinf.o(x$fpl$dretinf)
    __aeabi_cdrcmple                         0x08003c79   Thumb Code     0  drleqf.o(x$fpl$drleqf)
    _drcmple                                 0x08003c79   Thumb Code   108  drleqf.o(x$fpl$drleqf)
    _drnd                                    0x08003ce5   Thumb Code   180  drnd.o(x$fpl$drnd)
    __aeabi_dsub                             0x08003d99   Thumb Code     0  daddsub_clz.o(x$fpl$dsub)
    _dsub                                    0x08003d99   Thumb Code   464  daddsub_clz.o(x$fpl$dsub)
    __aeabi_f2d                              0x08003f6d   Thumb Code     0  f2d.o(x$fpl$f2d)
    _f2d                                     0x08003f6d   Thumb Code    86  f2d.o(x$fpl$f2d)
    __fpl_fnaninf                            0x08003fc3   Thumb Code   140  fnaninf.o(x$fpl$fnaninf)
    _fp_init                                 0x0800404f   Thumb Code    10  fpinit.o(x$fpl$fpinit)
    __fplib_config_fpu_vfp                   0x08004057   Thumb Code     0  fpinit.o(x$fpl$fpinit)
    __fplib_config_pureend_doubles           0x08004057   Thumb Code     0  fpinit.o(x$fpl$fpinit)
    __fpl_fretinf                            0x08004059   Thumb Code    10  fretinf.o(x$fpl$fretinf)
    _printf_fp_dec                           0x08004063   Thumb Code     4  printf1.o(x$fpl$printf1)
    __I$use$fp                               0x08004066   Number         0  usenofp.o(x$fpl$usenofp)
    os_maxtaskrun                            0x08004068   Data           2  rtx_conf_cm.o(.constdata)
    os_stackinfo                             0x0800406c   Data           4  rtx_conf_cm.o(.constdata)
    os_rrobin                                0x08004070   Data           4  rtx_conf_cm.o(.constdata)
    os_tickfreq                              0x08004074   Data           4  rtx_conf_cm.o(.constdata)
    os_tickus_i                              0x08004078   Data           2  rtx_conf_cm.o(.constdata)
    os_tickus_f                              0x0800407a   Data           2  rtx_conf_cm.o(.constdata)
    os_trv                                   0x0800407c   Data           4  rtx_conf_cm.o(.constdata)
    os_flags                                 0x08004080   Data           1  rtx_conf_cm.o(.constdata)
    CMSIS_RTOS_API_Version                   0x08004084   Data           4  rtx_conf_cm.o(.constdata)
    CMSIS_RTOS_RTX_Version                   0x08004088   Data           4  rtx_conf_cm.o(.constdata)
    os_clockrate                             0x0800408c   Data           4  rtx_conf_cm.o(.constdata)
    os_timernum                              0x08004090   Data           4  rtx_conf_cm.o(.constdata)
    mp_tcb_size                              0x08004094   Data           2  rtx_conf_cm.o(.constdata)
    mp_stk_size                              0x08004098   Data           4  rtx_conf_cm.o(.constdata)
    os_stack_sz                              0x0800409c   Data           4  rtx_conf_cm.o(.constdata)
    os_fifo_size                             0x080040a0   Data           1  rtx_conf_cm.o(.constdata)
    os_thread_def_osTimerThread              0x080040a4   Data          16  rtx_conf_cm.o(.constdata)
    os_messageQ_def_osTimerMessageQ          0x080040b4   Data           8  rtx_conf_cm.o(.constdata)
    mp_tmr_size                              0x080040bc   Data           2  rtx_conf_cm.o(.constdata)
    os_thread_def_main                       0x080040c0   Data          16  rtx_conf_cm.o(.constdata)
    Region$$Table$$Base                      0x08004164   Number         0  anon$$obj.o(Region$$Table)
    Region$$Table$$Limit                     0x08004184   Number         0  anon$$obj.o(Region$$Table)
    Font                                     0x20000000   Data        2048  main.o(.data)
    x1                                       0x20000800   Data           8  main.o(.data)
    x2                                       0x20000808   Data           8  main.o(.data)
    x3                                       0x20000810   Data           8  main.o(.data)
    x4                                       0x20000818   Data           8  main.o(.data)
    x5                                       0x20000820   Data           8  main.o(.data)
    x6                                       0x20000828   Data           8  main.o(.data)
    x7                                       0x20000830   Data           8  main.o(.data)
    x8                                       0x20000838   Data           8  main.o(.data)
    x9                                       0x20000840   Data           8  main.o(.data)
    x11                                      0x20000848   Data           4  main.o(.data)
    x22                                      0x2000084c   Data           4  main.o(.data)
    x33                                      0x20000850   Data           4  main.o(.data)
    x44                                      0x20000854   Data           4  main.o(.data)
    x55                                      0x20000858   Data           4  main.o(.data)
    x66                                      0x2000085c   Data           4  main.o(.data)
    x77                                      0x20000860   Data           4  main.o(.data)
    x88                                      0x20000864   Data           4  main.o(.data)
    x99                                      0x20000868   Data           4  main.o(.data)
    brocket                                  0x2000086c   Data        1024  main.o(.data)
    large_brocket                            0x20000c6c   Data        1024  main.o(.data)
    osThreadId_osTimerThread                 0x20001070   Data           4  rtx_conf_cm.o(.data)
    osMessageQId_osTimerMessageQ             0x20001074   Data           4  rtx_conf_cm.o(.data)
    os_tmr                                   0x20001078   Data           4  rtx_conf_cm.o(.data)
    m_tmr                                    0x2000107c   Data           4  rtx_conf_cm.o(.data)
    os_initialized                           0x20001084   Data           1  rt_cmsis.o(.data)
    os_running                               0x20001085   Data           1  rt_cmsis.o(.data)
    os_timer_head                            0x20001088   Data           4  rt_cmsis.o(.data)
    os_tsk                                   0x2000108c   Data           8  rt_task.o(.data)
    os_tick_irqn                             0x20001098   Data           4  rt_system.o(.data)
    os_time                                  0x2000109c   Data           4  rt_time.o(.data)
    os_robin                                 0x200010a0   Data           8  rt_robin.o(.data)
    dbg_msg                                  0x200010a8   Data           1  hal_cm.o(.data)
    ax1                                      0x200010ac   Data          32  main.o(.bss)
    ax2                                      0x200010cc   Data          32  main.o(.bss)
    ax3                                      0x200010ec   Data          32  main.o(.bss)
    ax4                                      0x2000110c   Data          32  main.o(.bss)
    ax5                                      0x2000112c   Data          32  main.o(.bss)
    ax6                                      0x2000114c   Data          32  main.o(.bss)
    ax7                                      0x2000116c   Data          32  main.o(.bss)
    ax8                                      0x2000118c   Data          32  main.o(.bss)
    ax9                                      0x200011ac   Data          32  main.o(.bss)
    mp_tcb                                   0x200011d0   Data         376  rtx_conf_cm.o(.bss)
    mp_stk                                   0x20001348   Data        1216  rtx_conf_cm.o(.bss)
    os_stack_mem                             0x20001808   Data         432  rtx_conf_cm.o(.bss)
    os_fifo                                  0x200019b8   Data         132  rtx_conf_cm.o(.bss)
    os_active_TCB                            0x20001a3c   Data          28  rtx_conf_cm.o(.bss)
    os_messageQ_q_osTimerMessageQ            0x20001a58   Data          32  rtx_conf_cm.o(.bss)
    os_idle_TCB                              0x20001d98   Data          52  rt_task.o(.bss)
    os_rdy                                   0x20001dcc   Data          24  rt_list.o(.bss)
    os_dly                                   0x20001de4   Data          24  rt_list.o(.bss)
    __libspace_start                         0x20001dfc   Data          96  libspace.o(.bss)
    __temporary_stack_top$libspace           0x20001e5c   Data           0  libspace.o(.bss)



==============================================================================

Memory Map of the image

  Image Entry point : 0x08000189

  Load Region LR_IROM1 (Base: 0x08000000, Size: 0x0000524c, Max: 0x00100000, ABSOLUTE, COMPRESSED[0x000046c8])

    Execution Region ER_IROM1 (Exec base: 0x08000000, Load base: 0x08000000, Size: 0x000041a0, Max: 0x00100000, ABSOLUTE)

    Exec Addr    Load Addr    Size         Type   Attr      Idx    E Section Name        Object

    0x08000000   0x08000000   0x00000188   Data   RO          267    RESET               startup_stm32f407xx.o
    0x08000188   0x08000188   0x00000008   Code   RO         1583  * !!!main             c_w.l(__main.o)
    0x08000190   0x08000190   0x00000034   Code   RO         1841    !!!scatter          c_w.l(__scatter.o)
    0x080001c4   0x080001c4   0x0000005a   Code   RO         1839    !!dczerorl2         c_w.l(__dczerorl2.o)
    0x0800021e   0x0800021e   0x00000002   PAD
    0x08000220   0x08000220   0x0000001c   Code   RO         1843    !!handler_zi        c_w.l(__scatter_zi.o)
    0x0800023c   0x0800023c   0x00000000   Code   RO         1578    .ARM.Collect$$_printf_percent$$00000000  c_w.l(_printf_percent.o)
    0x0800023c   0x0800023c   0x00000006   Code   RO         1577    .ARM.Collect$$_printf_percent$$00000003  c_w.l(_printf_f.o)
    0x08000242   0x08000242   0x00000004   Code   RO         1626    .ARM.Collect$$_printf_percent$$00000017  c_w.l(_printf_percent_end.o)
    0x08000246   0x08000246   0x00000002   Code   RO         1725    .ARM.Collect$$libinit$$00000000  c_w.l(libinit.o)
    0x08000248   0x08000248   0x00000004   Code   RO         1726    .ARM.Collect$$libinit$$00000001  c_w.l(libinit2.o)
    0x0800024c   0x0800024c   0x00000000   Code   RO         1729    .ARM.Collect$$libinit$$00000004  c_w.l(libinit2.o)
    0x0800024c   0x0800024c   0x00000000   Code   RO         1732    .ARM.Collect$$libinit$$0000000A  c_w.l(libinit2.o)
    0x0800024c   0x0800024c   0x00000000   Code   RO         1734    .ARM.Collect$$libinit$$0000000C  c_w.l(libinit2.o)
    0x0800024c   0x0800024c   0x00000000   Code   RO         1736    .ARM.Collect$$libinit$$0000000E  c_w.l(libinit2.o)
    0x0800024c   0x0800024c   0x00000006   Code   RO         1737    .ARM.Collect$$libinit$$0000000F  c_w.l(libinit2.o)
    0x08000252   0x08000252   0x00000000   Code   RO         1739    .ARM.Collect$$libinit$$00000011  c_w.l(libinit2.o)
    0x08000252   0x08000252   0x00000000   Code   RO         1741    .ARM.Collect$$libinit$$00000013  c_w.l(libinit2.o)
    0x08000252   0x08000252   0x00000000   Code   RO         1743    .ARM.Collect$$libinit$$00000015  c_w.l(libinit2.o)
    0x08000252   0x08000252   0x0000000a   Code   RO         1744    .ARM.Collect$$libinit$$00000016  c_w.l(libinit2.o)
    0x0800025c   0x0800025c   0x00000000   Code   RO         1745    .ARM.Collect$$libinit$$00000017  c_w.l(libinit2.o)
    0x0800025c   0x0800025c   0x00000000   Code   RO         1747    .ARM.Collect$$libinit$$00000019  c_w.l(libinit2.o)
    0x0800025c   0x0800025c   0x00000000   Code   RO         1749    .ARM.Collect$$libinit$$0000001B  c_w.l(libinit2.o)
    0x0800025c   0x0800025c   0x00000000   Code   RO         1751    .ARM.Collect$$libinit$$0000001D  c_w.l(libinit2.o)
    0x0800025c   0x0800025c   0x00000000   Code   RO         1753    .ARM.Collect$$libinit$$0000001F  c_w.l(libinit2.o)
    0x0800025c   0x0800025c   0x00000000   Code   RO         1755    .ARM.Collect$$libinit$$00000021  c_w.l(libinit2.o)
    0x0800025c   0x0800025c   0x00000000   Code   RO         1757    .ARM.Collect$$libinit$$00000023  c_w.l(libinit2.o)
    0x0800025c   0x0800025c   0x00000000   Code   RO         1759    .ARM.Collect$$libinit$$00000025  c_w.l(libinit2.o)
    0x0800025c   0x0800025c   0x00000000   Code   RO         1763    .ARM.Collect$$libinit$$0000002C  c_w.l(libinit2.o)
    0x0800025c   0x0800025c   0x00000000   Code   RO         1765    .ARM.Collect$$libinit$$0000002E  c_w.l(libinit2.o)
    0x0800025c   0x0800025c   0x00000000   Code   RO         1767    .ARM.Collect$$libinit$$00000030  c_w.l(libinit2.o)
    0x0800025c   0x0800025c   0x00000000   Code   RO         1769    .ARM.Collect$$libinit$$00000032  c_w.l(libinit2.o)
    0x0800025c   0x0800025c   0x00000002   Code   RO         1770    .ARM.Collect$$libinit$$00000033  c_w.l(libinit2.o)
    0x0800025e   0x0800025e   0x00000002   Code   RO         1771    .ARM.Collect$$libshutdown$$00000000  c_w.l(libshutdown.o)
    0x08000260   0x08000260   0x00000000   Code   RO         1784    .ARM.Collect$$libshutdown$$00000002  c_w.l(libshutdown2.o)
    0x08000260   0x08000260   0x00000000   Code   RO         1786    .ARM.Collect$$libshutdown$$00000004  c_w.l(libshutdown2.o)
    0x08000260   0x08000260   0x00000000   Code   RO         1789    .ARM.Collect$$libshutdown$$00000007  c_w.l(libshutdown2.o)
    0x08000260   0x08000260   0x00000000   Code   RO         1792    .ARM.Collect$$libshutdown$$0000000A  c_w.l(libshutdown2.o)
    0x08000260   0x08000260   0x00000000   Code   RO         1794    .ARM.Collect$$libshutdown$$0000000C  c_w.l(libshutdown2.o)
    0x08000260   0x08000260   0x00000000   Code   RO         1797    .ARM.Collect$$libshutdown$$0000000F  c_w.l(libshutdown2.o)
    0x08000260   0x08000260   0x00000002   Code   RO         1798    .ARM.Collect$$libshutdown$$00000010  c_w.l(libshutdown2.o)
    0x08000262   0x08000262   0x00000000   Code   RO         1613    .ARM.Collect$$rtentry$$00000000  c_w.l(__rtentry.o)
    0x08000262   0x08000262   0x00000000   Code   RO         1641    .ARM.Collect$$rtentry$$00000002  c_w.l(__rtentry2.o)
    0x08000262   0x08000262   0x00000006   Code   RO         1653    .ARM.Collect$$rtentry$$00000004  c_w.l(__rtentry4.o)
    0x08000268   0x08000268   0x00000000   Code   RO         1643    .ARM.Collect$$rtentry$$00000009  c_w.l(__rtentry2.o)
    0x08000268   0x08000268   0x00000004   Code   RO         1644    .ARM.Collect$$rtentry$$0000000A  c_w.l(__rtentry2.o)
    0x0800026c   0x0800026c   0x00000008   Code   RO         1645    .ARM.Collect$$rtentry$$0000000B  c_w.l(__rtentry2.o)
    0x08000274   0x08000274   0x00000008   Code   RO         1647    .ARM.Collect$$rtentry$$0000000D  c_w.l(__rtentry2.o)
    0x0800027c   0x0800027c   0x00000002   Code   RO         1614    .ARM.Collect$$rtexit$$00000000  c_w.l(rtexit.o)
    0x0800027e   0x0800027e   0x00000000   Code   RO         1656    .ARM.Collect$$rtexit$$00000002  c_w.l(rtexit2.o)
    0x0800027e   0x0800027e   0x00000004   Code   RO         1657    .ARM.Collect$$rtexit$$00000003  c_w.l(rtexit2.o)
    0x08000282   0x08000282   0x00000006   Code   RO         1658    .ARM.Collect$$rtexit$$00000004  c_w.l(rtexit2.o)
    0x08000288   0x08000288   0x0000001c   Code   RO          204    .emb_text           rtx_conf_cm.o
    0x080002a4   0x080002a4   0x00000198   Code   RO         1531    .emb_text           RTX_CM4.lib(hal_cm4.o)
    0x0800043c   0x0800043c   0x00000040   Code   RO          268    .text               startup_stm32f407xx.o
    0x0800047c   0x0800047c   0x00000008   Code   RO         1546    .text               c_w.l(libspace.o)
    0x08000484   0x08000484   0x00000028   Code   RO         1553    .text               c_w.l(noretval__2sprintf.o)
    0x080004ac   0x080004ac   0x0000010e   Code   RO         1565    .text               c_w.l(__printf_wp.o)
    0x080005ba   0x080005ba   0x00000012   Code   RO         1579    .text               c_w.l(exit.o)
    0x080005cc   0x080005cc   0x00000006   Code   RO         1581    .text               c_w.l(heapauxi.o)
    0x080005d2   0x080005d2   0x0000041e   Code   RO         1620    .text               c_w.l(_printf_fp_dec.o)
    0x080009f0   0x080009f0   0x00000030   Code   RO         1622    .text               c_w.l(_printf_char_common.o)
    0x08000a20   0x08000a20   0x0000000a   Code   RO         1624    .text               c_w.l(_sputc.o)
    0x08000a2a   0x08000a2a   0x0000000a   Code   RO         1669    .text               c_w.l(rt_locale_twolibspace.o)
    0x08000a34   0x08000a34   0x0000008a   Code   RO         1671    .text               c_w.l(lludiv10.o)
    0x08000abe   0x08000abe   0x00000002   PAD
    0x08000ac0   0x08000ac0   0x00000080   Code   RO         1673    .text               c_w.l(_printf_fp_infnan.o)
    0x08000b40   0x08000b40   0x000000e4   Code   RO         1677    .text               c_w.l(bigflt0.o)
    0x08000c24   0x08000c24   0x0000000c   Code   RO         1709    .text               c_w.l(sys_exit.o)
    0x08000c30   0x08000c30   0x0000004a   Code   RO         1711    .text               c_w.l(sys_stackheap_outer.o)
    0x08000c7a   0x08000c7a   0x00000002   PAD
    0x08000c7c   0x08000c7c   0x00000080   Code   RO         1717    .text               c_w.l(strcmpv7m.o)
    0x08000cfc   0x08000cfc   0x00000002   Code   RO         1772    .text               c_w.l(use_no_semi.o)
    0x08000cfe   0x08000cfe   0x00000000   Code   RO         1774    .text               c_w.l(indicate_semi.o)
    0x08000cfe   0x08000cfe   0x00000008   Code   RO         1053    .text.arm_mat_init_f32  arm_cortexM4lf_math.lib(arm_mat_init_f32.o)
    0x08000d06   0x08000d06   0x00000002   PAD
    0x08000d08   0x08000d08   0x0000013c   Code   RO         1062    .text.arm_mat_mult_f32  arm_cortexM4lf_math.lib(arm_mat_mult_f32.o)
    0x08000e44   0x08000e44   0x0000003e   Code   RO         1680    CL$$btod_d2e        c_w.l(btod.o)
    0x08000e82   0x08000e82   0x00000046   Code   RO         1682    CL$$btod_d2e_denorm_low  c_w.l(btod.o)
    0x08000ec8   0x08000ec8   0x00000060   Code   RO         1681    CL$$btod_d2e_norm_op1  c_w.l(btod.o)
    0x08000f28   0x08000f28   0x00000338   Code   RO         1690    CL$$btod_div_common  c_w.l(btod.o)
    0x08001260   0x08001260   0x000000dc   Code   RO         1687    CL$$btod_e2e        c_w.l(btod.o)
    0x0800133c   0x0800133c   0x0000002a   Code   RO         1684    CL$$btod_ediv       c_w.l(btod.o)
    0x08001366   0x08001366   0x0000002a   Code   RO         1683    CL$$btod_emul       c_w.l(btod.o)
    0x08001390   0x08001390   0x00000244   Code   RO         1689    CL$$btod_mult_common  c_w.l(btod.o)
    0x080015d4   0x080015d4   0x00000004   Code   RO         1541    SVC_TABLE           RTX_CM4.lib(svc_table.o)
    0x080015d8   0x080015d8   0x00000064   Code   RO            4    i.Clock_Set         main.o
    0x0800163c   0x0800163c   0x00000010   Code   RO            5    i.Delay             main.o
    0x0800164c   0x0800164c   0x0000001c   Code   RO            6    i.GPIO_SET          main.o
    0x08001668   0x08001668   0x00000064   Code   RO          276    i.SystemInit        system_stm32f4xx.o
    0x080016cc   0x080016cc   0x00000030   Code   RO         1707    i.__ARM_fpclassify  m_wm.l(fpclassify.o)
    0x080016fc   0x080016fc   0x00000004   PAD
    0x08001700   0x08001700   0x000000e0   Code   RO         1609    i.__hardfp_round    m_wm.l(round.o)
    0x080017e0   0x080017e0   0x00000046   Code   RO         1425    i._init_box         RTX_CM4.lib(rt_membox.o)
    0x08001826   0x08001826   0x0000000e   Code   RO         1567    i._is_digit         c_w.l(__printf_wp.o)
    0x08001834   0x08001834   0x00000020   Code   RO          206    i._mutex_acquire    rtx_conf_cm.o
    0x08001854   0x08001854   0x0000001c   Code   RO          208    i._mutex_release    rtx_conf_cm.o
    0x08001870   0x08001870   0x00000030   Code   RO         1478    i.dbg_init          RTX_CM4.lib(hal_cm.o)
    0x080018a0   0x080018a0   0x00000020   Code   RO         1479    i.dbg_task_notify   RTX_CM4.lib(hal_cm.o)
    0x080018c0   0x080018c0   0x00000010   Code   RO         1480    i.dbg_task_switch   RTX_CM4.lib(hal_cm.o)
    0x080018d0   0x080018d0   0x00000020   Code   RO            7    i.glcd_clear_all    main.o
    0x080018f0   0x080018f0   0x00000068   Code   RO            9    i.glcd_clrearline   main.o
    0x08001958   0x08001958   0x00000044   Code   RO           10    i.glcd_disp_Image   main.o
    0x0800199c   0x0800199c   0x0000001a   Code   RO           11    i.glcd_gotoxy       main.o
    0x080019b6   0x080019b6   0x00000022   Code   RO           14    i.glcd_on           main.o
    0x080019d8   0x080019d8   0x000000f4   Code   RO           16    i.glcd_putImage     main.o
    0x08001acc   0x08001acc   0x000000f4   Code   RO           17    i.glcd_putchar      main.o
    0x08001bc0   0x08001bc0   0x00000060   Code   RO           18    i.glcd_puts         main.o
    0x08001c20   0x08001c20   0x0000010c   Code   RO           20    i.goto_column       main.o
    0x08001d2c   0x08001d2c   0x0000001a   Code   RO           21    i.goto_row          main.o
    0x08001d46   0x08001d46   0x0000002a   Code   RO          312    i.isrMessageGet     RTX_CM4.lib(rt_cmsis.o)
    0x08001d70   0x08001d70   0x0000002c   Code   RO          313    i.isrMessagePut     RTX_CM4.lib(rt_cmsis.o)
    0x08001d9c   0x08001d9c   0x00000056   Code   RO         1280    i.isr_mbx_receive   RTX_CM4.lib(rt_mailbox.o)
    0x08001df2   0x08001df2   0x0000000e   Code   RO         1281    i.isr_mbx_send      RTX_CM4.lib(rt_mailbox.o)
    0x08001e00   0x08001e00   0x0000093e   Code   RO           22    i.main              main.o
    0x0800273e   0x0800273e   0x00000002   PAD
    0x08002740   0x08002740   0x00000024   Code   RO          317    i.osKernelInitialize  RTX_CM4.lib(rt_cmsis.o)
    0x08002764   0x08002764   0x0000006c   Code   RO          319    i.osKernelStart     RTX_CM4.lib(rt_cmsis.o)
    0x080027d0   0x080027d0   0x00000018   Code   RO          328    i.osMessageGet      RTX_CM4.lib(rt_cmsis.o)
    0x080027e8   0x080027e8   0x0000002c   Code   RO          345    i.osThreadCreate    RTX_CM4.lib(rt_cmsis.o)
    0x08002814   0x08002814   0x00000018   Code   RO          346    i.osThreadExit      RTX_CM4.lib(rt_cmsis.o)
    0x0800282c   0x0800282c   0x0000000c   Code   RO          352    i.osTimerCall       RTX_CM4.lib(rt_cmsis.o)
    0x08002838   0x08002838   0x0000002c   Code   RO          357    i.osTimerThread     RTX_CM4.lib(rt_cmsis.o)
    0x08002864   0x08002864   0x00000022   Code   RO          209    i.os_error          rtx_conf_cm.o
    0x08002886   0x08002886   0x00000004   Code   RO          210    i.os_idle_demon     rtx_conf_cm.o
    0x0800288a   0x0800288a   0x00000002   PAD
    0x0800288c   0x0800288c   0x00000028   Code   RO         1072    i.os_tick_init      RTX_CM4.lib(rt_system.o)
    0x080028b4   0x080028b4   0x00000002   Code   RO         1073    i.os_tick_irqack    RTX_CM4.lib(rt_system.o)
    0x080028b6   0x080028b6   0x0000001a   Code   RO         1426    i.rt_alloc_box      RTX_CM4.lib(rt_membox.o)
    0x080028d0   0x080028d0   0x0000003e   Code   RO         1454    i.rt_alloc_mem      RTX_CM4.lib(rt_memory.o)
    0x0800290e   0x0800290e   0x00000002   PAD
    0x08002910   0x08002910   0x00000038   Code   RO          934    i.rt_block          RTX_CM4.lib(rt_task.o)
    0x08002948   0x08002948   0x00000048   Code   RO         1403    i.rt_chk_robin      RTX_CM4.lib(rt_robin.o)
    0x08002990   0x08002990   0x00000070   Code   RO         1204    i.rt_dec_dly        RTX_CM4.lib(rt_list.o)
    0x08002a00   0x08002a00   0x00000044   Code   RO          935    i.rt_dispatch       RTX_CM4.lib(rt_task.o)
    0x08002a44   0x08002a44   0x00000050   Code   RO         1165    i.rt_evt_psh        RTX_CM4.lib(rt_event.o)
    0x08002a94   0x08002a94   0x0000002c   Code   RO         1427    i.rt_free_box       RTX_CM4.lib(rt_membox.o)
    0x08002ac0   0x08002ac0   0x00000028   Code   RO         1455    i.rt_free_mem       RTX_CM4.lib(rt_memory.o)
    0x08002ae8   0x08002ae8   0x00000028   Code   RO         1205    i.rt_get_first      RTX_CM4.lib(rt_list.o)
    0x08002b10   0x08002b10   0x00000008   Code   RO          362    i.rt_id2obj         RTX_CM4.lib(rt_cmsis.o)
    0x08002b18   0x08002b18   0x00000048   Code   RO          936    i.rt_init_context   RTX_CM4.lib(rt_task.o)
    0x08002b60   0x08002b60   0x0000001a   Code   RO         1456    i.rt_init_mem       RTX_CM4.lib(rt_memory.o)
    0x08002b7a   0x08002b7a   0x00000002   PAD
    0x08002b7c   0x08002b7c   0x00000018   Code   RO         1404    i.rt_init_robin     RTX_CM4.lib(rt_robin.o)
    0x08002b94   0x08002b94   0x00000080   Code   RO         1481    i.rt_init_stack     RTX_CM4.lib(hal_cm.o)
    0x08002c14   0x08002c14   0x00000008   Code   RO         1282    i.rt_mbx_check      RTX_CM4.lib(rt_mailbox.o)
    0x08002c1c   0x08002c1c   0x0000001a   Code   RO         1283    i.rt_mbx_init       RTX_CM4.lib(rt_mailbox.o)
    0x08002c36   0x08002c36   0x00000002   PAD
    0x08002c38   0x08002c38   0x000000f0   Code   RO         1284    i.rt_mbx_psh        RTX_CM4.lib(rt_mailbox.o)
    0x08002d28   0x08002d28   0x000000b4   Code   RO         1286    i.rt_mbx_wait       RTX_CM4.lib(rt_mailbox.o)
    0x08002ddc   0x08002ddc   0x00000044   Code   RO          363    i.rt_ms2tick        RTX_CM4.lib(rt_cmsis.o)
    0x08002e20   0x08002e20   0x000000d8   Code   RO         1020    i.rt_mut_release    RTX_CM4.lib(rt_mutex.o)
    0x08002ef8   0x08002ef8   0x00000078   Code   RO         1021    i.rt_mut_wait       RTX_CM4.lib(rt_mutex.o)
    0x08002f70   0x08002f70   0x0000007c   Code   RO         1076    i.rt_pop_req        RTX_CM4.lib(rt_system.o)
    0x08002fec   0x08002fec   0x00000020   Code   RO         1077    i.rt_psh_req        RTX_CM4.lib(rt_system.o)
    0x0800300c   0x0800300c   0x0000005c   Code   RO         1207    i.rt_psq_enq        RTX_CM4.lib(rt_list.o)
    0x08003068   0x08003068   0x00000048   Code   RO         1208    i.rt_put_dly        RTX_CM4.lib(rt_list.o)
    0x080030b0   0x080030b0   0x00000036   Code   RO         1209    i.rt_put_prio       RTX_CM4.lib(rt_list.o)
    0x080030e6   0x080030e6   0x00000002   PAD
    0x080030e8   0x080030e8   0x00000014   Code   RO         1210    i.rt_put_rdy_first  RTX_CM4.lib(rt_list.o)
    0x080030fc   0x080030fc   0x00000034   Code   RO         1211    i.rt_resort_prio    RTX_CM4.lib(rt_list.o)
    0x08003130   0x08003130   0x00000010   Code   RO         1482    i.rt_ret_regs       RTX_CM4.lib(hal_cm.o)
    0x08003140   0x08003140   0x0000000c   Code   RO         1483    i.rt_ret_val        RTX_CM4.lib(hal_cm.o)
    0x0800314c   0x0800314c   0x00000010   Code   RO         1484    i.rt_ret_val2       RTX_CM4.lib(hal_cm.o)
    0x0800315c   0x0800315c   0x00000028   Code   RO         1212    i.rt_rmv_dly        RTX_CM4.lib(rt_list.o)
    0x08003184   0x08003184   0x00000030   Code   RO         1213    i.rt_rmv_list       RTX_CM4.lib(rt_list.o)
    0x080031b4   0x080031b4   0x00000034   Code   RO         1331    i.rt_sem_psh        RTX_CM4.lib(rt_semaphore.o)
    0x080031e8   0x080031e8   0x00000024   Code   RO         1079    i.rt_stk_check      RTX_CM4.lib(rt_system.o)
    0x0800320c   0x0800320c   0x00000028   Code   RO          937    i.rt_switch_req     RTX_CM4.lib(rt_task.o)
    0x08003234   0x08003234   0x000000cc   Code   RO          938    i.rt_sys_init       RTX_CM4.lib(rt_task.o)
    0x08003300   0x08003300   0x00000078   Code   RO          939    i.rt_sys_start      RTX_CM4.lib(rt_task.o)
    0x08003378   0x08003378   0x00000040   Code   RO         1081    i.rt_systick        RTX_CM4.lib(rt_system.o)
    0x080033b8   0x080033b8   0x00000012   Code   RO          364    i.rt_tid2ptcb       RTX_CM4.lib(rt_cmsis.o)
    0x080033ca   0x080033ca   0x00000002   PAD
    0x080033cc   0x080033cc   0x00000034   Code   RO          365    i.rt_timer_insert   RTX_CM4.lib(rt_cmsis.o)
    0x08003400   0x08003400   0x00000088   Code   RO          940    i.rt_tsk_create     RTX_CM4.lib(rt_task.o)
    0x08003488   0x08003488   0x0000017c   Code   RO          941    i.rt_tsk_delete     RTX_CM4.lib(rt_task.o)
    0x08003604   0x08003604   0x0000007c   Code   RO          943    i.rt_tsk_prio       RTX_CM4.lib(rt_task.o)
    0x08003680   0x08003680   0x00000010   Code   RO          944    i.rt_tsk_self       RTX_CM4.lib(rt_task.o)
    0x08003690   0x08003690   0x00000084   Code   RO           23    i.send_command      main.o
    0x08003714   0x08003714   0x00000070   Code   RO          368    i.svcKernelInitialize  RTX_CM4.lib(rt_cmsis.o)
    0x08003784   0x08003784   0x00000048   Code   RO          370    i.svcKernelStart    RTX_CM4.lib(rt_cmsis.o)
    0x080037cc   0x080037cc   0x00000024   Code   RO          373    i.svcMessageCreate  RTX_CM4.lib(rt_cmsis.o)
    0x080037f0   0x080037f0   0x0000003a   Code   RO          374    i.svcMessageGet     RTX_CM4.lib(rt_cmsis.o)
    0x0800382a   0x0800382a   0x00000002   PAD
    0x0800382c   0x0800382c   0x0000006c   Code   RO          388    i.svcThreadCreate   RTX_CM4.lib(rt_cmsis.o)
    0x08003898   0x08003898   0x0000001c   Code   RO          389    i.svcThreadGetId    RTX_CM4.lib(rt_cmsis.o)
    0x080038b4   0x080038b4   0x00000038   Code   RO          392    i.svcThreadTerminate  RTX_CM4.lib(rt_cmsis.o)
    0x080038ec   0x080038ec   0x00000018   Code   RO          394    i.svcTimerCall      RTX_CM4.lib(rt_cmsis.o)
    0x08003904   0x08003904   0x0000005c   Code   RO          403    i.sysTimerTick      RTX_CM4.lib(rt_cmsis.o)
    0x08003960   0x08003960   0x0000002c   Code   RO         1703    locale$$code        c_w.l(lc_numeric_c.o)
    0x0800398c   0x0800398c   0x00000062   Code   RO         1585    x$fpl$d2f           fz_wm.l(d2f.o)
    0x080039ee   0x080039ee   0x00000002   PAD
    0x080039f0   0x080039f0   0x00000150   Code   RO         1587    x$fpl$dadd          fz_wm.l(daddsub_clz.o)
    0x08003b40   0x08003b40   0x00000018   Code   RO         1627    x$fpl$dcmpinf       fz_wm.l(dcmpi.o)
    0x08003b58   0x08003b58   0x00000078   Code   RO         1599    x$fpl$dleqf         fz_wm.l(dleqf.o)
    0x08003bd0   0x08003bd0   0x0000009c   Code   RO         1629    x$fpl$dnaninf       fz_wm.l(dnaninf.o)
    0x08003c6c   0x08003c6c   0x0000000c   Code   RO         1631    x$fpl$dretinf       fz_wm.l(dretinf.o)
    0x08003c78   0x08003c78   0x0000006c   Code   RO         1603    x$fpl$drleqf        fz_wm.l(drleqf.o)
    0x08003ce4   0x08003ce4   0x000000b4   Code   RO         1633    x$fpl$drnd          fz_wm.l(drnd.o)
    0x08003d98   0x08003d98   0x000001d4   Code   RO         1589    x$fpl$dsub          fz_wm.l(daddsub_clz.o)
    0x08003f6c   0x08003f6c   0x00000056   Code   RO         1605    x$fpl$f2d           fz_wm.l(f2d.o)
    0x08003fc2   0x08003fc2   0x0000008c   Code   RO         1635    x$fpl$fnaninf       fz_wm.l(fnaninf.o)
    0x0800404e   0x0800404e   0x0000000a   Code   RO         1799    x$fpl$fpinit        fz_wm.l(fpinit.o)
    0x08004058   0x08004058   0x0000000a   Code   RO         1637    x$fpl$fretinf       fz_wm.l(fretinf.o)
    0x08004062   0x08004062   0x00000004   Code   RO         1607    x$fpl$printf1       fz_wm.l(printf1.o)
    0x08004066   0x08004066   0x00000000   Code   RO         1639    x$fpl$usenofp       fz_wm.l(usenofp.o)
    0x08004066   0x08004066   0x00000002   PAD
    0x08004068   0x08004068   0x00000068   Data   RO          212    .constdata          rtx_conf_cm.o
    0x080040d0   0x080040d0   0x00000094   Data   RO         1678    .constdata          c_w.l(bigflt0.o)
    0x08004164   0x08004164   0x00000020   Data   RO         1837    Region$$Table       anon$$obj.o
    0x08004184   0x08004184   0x0000001c   Data   RO         1702    locale$$data        c_w.l(lc_numeric_c.o)


    Execution Region RW_IRAM1 (Exec base: 0x20000000, Load base: 0x080041a0, Size: 0x00002460, Max: 0x00020000, ABSOLUTE, COMPRESSED[0x00000528])

    Exec Addr    Load Addr    Size         Type   Attr      Idx    E Section Name        Object

    0x20000000   COMPRESSED   0x0000106e   Data   RW           25    .data               main.o
    0x2000106e   COMPRESSED   0x00000002   PAD
    0x20001070   COMPRESSED   0x00000014   Data   RW          213    .data               rtx_conf_cm.o
    0x20001084   COMPRESSED   0x00000008   Data   RW          406    .data               RTX_CM4.lib(rt_cmsis.o)
    0x2000108c   COMPRESSED   0x00000008   Data   RW          946    .data               RTX_CM4.lib(rt_task.o)
    0x20001094   COMPRESSED   0x00000008   Data   RW         1084    .data               RTX_CM4.lib(rt_system.o)
    0x2000109c   COMPRESSED   0x00000004   Data   RW         1374    .data               RTX_CM4.lib(rt_time.o)
    0x200010a0   COMPRESSED   0x00000008   Data   RW         1405    .data               RTX_CM4.lib(rt_robin.o)
    0x200010a8   COMPRESSED   0x00000001   Data   RW         1485    .data               RTX_CM4.lib(hal_cm.o)
    0x200010a9   COMPRESSED   0x00000003   PAD
    0x200010ac        -       0x00000120   Zero   RW           24    .bss                main.o
    0x200011cc   COMPRESSED   0x00000004   PAD
    0x200011d0        -       0x00000bc8   Zero   RW          211    .bss                rtx_conf_cm.o
    0x20001d98        -       0x00000034   Zero   RW          945    .bss                RTX_CM4.lib(rt_task.o)
    0x20001dcc        -       0x00000030   Zero   RW         1214    .bss                RTX_CM4.lib(rt_list.o)
    0x20001dfc        -       0x00000060   Zero   RW         1547    .bss                c_w.l(libspace.o)
    0x20001e5c   COMPRESSED   0x00000004   PAD
    0x20001e60        -       0x00000200   Zero   RW          266    HEAP                startup_stm32f407xx.o
    0x20002060        -       0x00000400   Zero   RW          265    STACK               startup_stm32f407xx.o


==============================================================================

Image component sizes


      Code (inc. data)   RO Data    RW Data    ZI Data      Debug   Object Name

      3784        334          0       4206        288      30626   main.o
       126         26        104         20       3016       9543   rtx_conf_cm.o
        64         26        392          0       1536        880   startup_stm32f407xx.o
       100         18          0          0          0        541   system_stm32f4xx.o

    ----------------------------------------------------------------------
      4078        404        528       4228       4844      41590   Object Totals
         0          0         32          0          0          0   (incl. Generated)
         4          0          0          2          4          0   (incl. Padding)

    ----------------------------------------------------------------------

      Code (inc. data)   RO Data    RW Data    ZI Data      Debug   Library Member Name

       268         24          0          1          0       4472   hal_cm.o
       408         34          0          0          0        816   hal_cm4.o
      1110        138          0          8          0      34689   rt_cmsis.o
        80          4          0          0          0        701   rt_event.o
       530         34          0          0         48       8601   rt_list.o
       554         10          0          0          0       4189   rt_mailbox.o
       140          0          0          0          0       2045   rt_membox.o
       128          0          0          0          0       2419   rt_memory.o
       336         14          0          0          0       1727   rt_mutex.o
        96         22          0          8          0       1230   rt_robin.o
        52          4          0          0          0        613   rt_semaphore.o
       298         52          0          8          0       6439   rt_system.o
      1216        174          0          8         52      10045   rt_task.o
         0          0          0          4          0        210   rt_time.o
         4          4          0          0          0        200   svc_table.o
         8          0          0          0          0        841   arm_mat_init_f32.o
       316          4          0          0          0       2322   arm_mat_mult_f32.o
        90          0          0          0          0          0   __dczerorl2.o
         8          0          0          0          0         68   __main.o
       284          0          0          0          0        156   __printf_wp.o
         0          0          0          0          0          0   __rtentry.o
        20          0          0          0          0          0   __rtentry2.o
         6          0          0          0          0          0   __rtentry4.o
        52          8          0          0          0          0   __scatter.o
        28          0          0          0          0          0   __scatter_zi.o
        48          6          0          0          0         96   _printf_char_common.o
         6          0          0          0          0          0   _printf_f.o
      1054          0          0          0          0        216   _printf_fp_dec.o
       128         16          0          0          0         84   _printf_fp_infnan.o
         0          0          0          0          0          0   _printf_percent.o
         4          0          0          0          0          0   _printf_percent_end.o
        10          0          0          0          0         68   _sputc.o
       228          4        148          0          0         96   bigflt0.o
      1936        128          0          0          0        672   btod.o
        18          0          0          0          0         80   exit.o
         6          0          0          0          0        152   heapauxi.o
         0          0          0          0          0          0   indicate_semi.o
        44         10         28          0          0         76   lc_numeric_c.o
         2          0          0          0          0          0   libinit.o
        22          0          0          0          0          0   libinit2.o
         2          0          0          0          0          0   libshutdown.o
         2          0          0          0          0          0   libshutdown2.o
         8          4          0          0         96         68   libspace.o
       138          0          0          0          0         80   lludiv10.o
        40          6          0          0          0         84   noretval__2sprintf.o
        10          0          0          0          0         76   rt_locale_twolibspace.o
         2          0          0          0          0          0   rtexit.o
        10          0          0          0          0          0   rtexit2.o
       128          0          0          0          0         68   strcmpv7m.o
        12          4          0          0          0         68   sys_exit.o
        74          0          0          0          0         80   sys_stackheap_outer.o
         2          0          0          0          0         68   use_no_semi.o
        98          4          0          0          0        140   d2f.o
       804         16          0          0          0        368   daddsub_clz.o
        24          0          0          0          0        116   dcmpi.o
       120          4          0          0          0        140   dleqf.o
       156          4          0          0          0        140   dnaninf.o
        12          0          0          0          0        116   dretinf.o
       108          0          0          0          0        128   drleqf.o
       180          4          0          0          0        128   drnd.o
        86          4          0          0          0        132   f2d.o
       140          4          0          0          0        132   fnaninf.o
        10          0          0          0          0        116   fpinit.o
        10          0          0          0          0        116   fretinf.o
         4          0          0          0          0        116   printf1.o
         0          0          0          0          0          0   usenofp.o
        48          0          0          0          0        124   fpclassify.o
       224         30          0          0          0        172   round.o

    ----------------------------------------------------------------------
     12018        774        176         40        200      86099   Library Totals
        28          0          0          3          4          0   (incl. Padding)

    ----------------------------------------------------------------------

      Code (inc. data)   RO Data    RW Data    ZI Data      Debug   Library Name

      5220        514          0         37        100      78396   RTX_CM4.lib
       324          4          0          0          0       3163   arm_cortexM4lf_math.lib
      4422        186        176          0         96       2356   c_w.l
      1752         40          0          0          0       1888   fz_wm.l
       272         30          0          0          0        296   m_wm.l

    ----------------------------------------------------------------------
     12018        774        176         40        200      86099   Library Totals

    ----------------------------------------------------------------------

==============================================================================


      Code (inc. data)   RO Data    RW Data    ZI Data      Debug   

     16096       1178        704       4268       5044     116525   Grand Totals
     16096       1178        704       1320       5044     116525   ELF Image Totals (compressed)
     16096       1178        704       1320          0          0   ROM Totals

==============================================================================

    Total RO  Size (Code + RO Data)                16800 (  16.41kB)
    Total RW  Size (RW Data + ZI Data)              9312 (   9.09kB)
    Total ROM Size (Code + RO Data + RW Data)      18120 (  17.70kB)

==============================================================================

